Component: ARM Compiler 5.06 update 6 (build 750) Tool: armlink [4d35ed]

==============================================================================

Section Cross References

    stm32f10x_adc.o(i.ADC_DeInit) refers to stm32f10x_rcc.o(i.RCC_APB2PeriphResetCmd) for RCC_APB2PeriphResetCmd
    stm32f10x_bkp.o(i.BKP_DeInit) refers to stm32f10x_rcc.o(i.RCC_BackupResetCmd) for RCC_BackupResetCmd
    stm32f10x_can.o(i.CAN_DeInit) refers to stm32f10x_rcc.o(i.RCC_APB1PeriphResetCmd) for RCC_APB1PeriphResetCmd
    stm32f10x_can.o(i.CAN_GetITStatus) refers to stm32f10x_can.o(i.CheckITStatus) for CheckITStatus
    stm32f10x_cec.o(i.CEC_DeInit) refers to stm32f10x_rcc.o(i.RCC_APB1PeriphResetCmd) for RCC_APB1PeriphResetCmd
    stm32f10x_dac.o(i.DAC_DeInit) refers to stm32f10x_rcc.o(i.RCC_APB1PeriphResetCmd) for RCC_APB1PeriphResetCmd
    stm32f10x_flash.o(i.FLASH_EnableWriteProtection) refers to stm32f10x_flash.o(i.FLASH_WaitForLastOperation) for FLASH_WaitForLastOperation
    stm32f10x_flash.o(i.FLASH_EraseAllBank1Pages) refers to stm32f10x_flash.o(i.FLASH_WaitForLastBank1Operation) for FLASH_WaitForLastBank1Operation
    stm32f10x_flash.o(i.FLASH_EraseAllPages) refers to stm32f10x_flash.o(i.FLASH_WaitForLastOperation) for FLASH_WaitForLastOperation
    stm32f10x_flash.o(i.FLASH_EraseOptionBytes) refers to stm32f10x_flash.o(i.FLASH_GetReadOutProtectionStatus) for FLASH_GetReadOutProtectionStatus
    stm32f10x_flash.o(i.FLASH_EraseOptionBytes) refers to stm32f10x_flash.o(i.FLASH_WaitForLastOperation) for FLASH_WaitForLastOperation
    stm32f10x_flash.o(i.FLASH_ErasePage) refers to stm32f10x_flash.o(i.FLASH_WaitForLastOperation) for FLASH_WaitForLastOperation
    stm32f10x_flash.o(i.FLASH_ProgramHalfWord) refers to stm32f10x_flash.o(i.FLASH_WaitForLastOperation) for FLASH_WaitForLastOperation
    stm32f10x_flash.o(i.FLASH_ProgramOptionByteData) refers to stm32f10x_flash.o(i.FLASH_WaitForLastOperation) for FLASH_WaitForLastOperation
    stm32f10x_flash.o(i.FLASH_ProgramWord) refers to stm32f10x_flash.o(i.FLASH_WaitForLastOperation) for FLASH_WaitForLastOperation
    stm32f10x_flash.o(i.FLASH_ReadOutProtection) refers to stm32f10x_flash.o(i.FLASH_WaitForLastOperation) for FLASH_WaitForLastOperation
    stm32f10x_flash.o(i.FLASH_UserOptionByteConfig) refers to stm32f10x_flash.o(i.FLASH_WaitForLastOperation) for FLASH_WaitForLastOperation
    stm32f10x_flash.o(i.FLASH_WaitForLastBank1Operation) refers to stm32f10x_flash.o(i.FLASH_GetBank1Status) for FLASH_GetBank1Status
    stm32f10x_flash.o(i.FLASH_WaitForLastOperation) refers to stm32f10x_flash.o(i.FLASH_GetBank1Status) for FLASH_GetBank1Status
    stm32f10x_gpio.o(i.GPIO_AFIODeInit) refers to stm32f10x_rcc.o(i.RCC_APB2PeriphResetCmd) for RCC_APB2PeriphResetCmd
    stm32f10x_gpio.o(i.GPIO_DeInit) refers to stm32f10x_rcc.o(i.RCC_APB2PeriphResetCmd) for RCC_APB2PeriphResetCmd
    stm32f10x_i2c.o(i.I2C_DeInit) refers to stm32f10x_rcc.o(i.RCC_APB1PeriphResetCmd) for RCC_APB1PeriphResetCmd
    stm32f10x_i2c.o(i.I2C_Init) refers to stm32f10x_rcc.o(i.RCC_GetClocksFreq) for RCC_GetClocksFreq
    stm32f10x_pwr.o(i.PWR_DeInit) refers to stm32f10x_rcc.o(i.RCC_APB1PeriphResetCmd) for RCC_APB1PeriphResetCmd
    stm32f10x_rcc.o(i.RCC_GetClocksFreq) refers to stm32f10x_rcc.o(.data) for APBAHBPrescTable
    stm32f10x_rcc.o(i.RCC_WaitForHSEStartUp) refers to stm32f10x_rcc.o(i.RCC_GetFlagStatus) for RCC_GetFlagStatus
    stm32f10x_rtc.o(i.RTC_SetAlarm) refers to stm32f10x_rtc.o(i.RTC_EnterConfigMode) for RTC_EnterConfigMode
    stm32f10x_rtc.o(i.RTC_SetAlarm) refers to stm32f10x_rtc.o(i.RTC_ExitConfigMode) for RTC_ExitConfigMode
    stm32f10x_rtc.o(i.RTC_SetCounter) refers to stm32f10x_rtc.o(i.RTC_EnterConfigMode) for RTC_EnterConfigMode
    stm32f10x_rtc.o(i.RTC_SetCounter) refers to stm32f10x_rtc.o(i.RTC_ExitConfigMode) for RTC_ExitConfigMode
    stm32f10x_rtc.o(i.RTC_SetPrescaler) refers to stm32f10x_rtc.o(i.RTC_EnterConfigMode) for RTC_EnterConfigMode
    stm32f10x_rtc.o(i.RTC_SetPrescaler) refers to stm32f10x_rtc.o(i.RTC_ExitConfigMode) for RTC_ExitConfigMode
    stm32f10x_spi.o(i.I2S_Init) refers to stm32f10x_rcc.o(i.RCC_GetClocksFreq) for RCC_GetClocksFreq
    stm32f10x_spi.o(i.SPI_I2S_DeInit) refers to stm32f10x_rcc.o(i.RCC_APB2PeriphResetCmd) for RCC_APB2PeriphResetCmd
    stm32f10x_spi.o(i.SPI_I2S_DeInit) refers to stm32f10x_rcc.o(i.RCC_APB1PeriphResetCmd) for RCC_APB1PeriphResetCmd
    stm32f10x_tim.o(i.TIM_DeInit) refers to stm32f10x_rcc.o(i.RCC_APB2PeriphResetCmd) for RCC_APB2PeriphResetCmd
    stm32f10x_tim.o(i.TIM_DeInit) refers to stm32f10x_rcc.o(i.RCC_APB1PeriphResetCmd) for RCC_APB1PeriphResetCmd
    stm32f10x_tim.o(i.TIM_ETRClockMode1Config) refers to stm32f10x_tim.o(i.TIM_ETRConfig) for TIM_ETRConfig
    stm32f10x_tim.o(i.TIM_ETRClockMode2Config) refers to stm32f10x_tim.o(i.TIM_ETRConfig) for TIM_ETRConfig
    stm32f10x_tim.o(i.TIM_ICInit) refers to stm32f10x_tim.o(i.TI1_Config) for TI1_Config
[...]
    i.uxTaskGetNumberOfTasks                 0x080061a4   Section        0  tasks.o(i.uxTaskGetNumberOfTasks)
    i.uxTaskResetEventItemValue              0x080061b0   Section        0  tasks.o(i.uxTaskResetEventItemValue)
    i.vKeyTask                               0x080061cc   Section        0  freertos_demo.o(i.vKeyTask)
    i.vListInitialise                        0x080062d0   Section        0  list.o(i.vListInitialise)
    i.vListInitialiseItem                    0x080062ea   Section        0  list.o(i.vListInitialiseItem)
    i.vListInsert                            0x080062f0   Section        0  list.o(i.vListInsert)
    i.vPortEnterCritical                     0x08006324   Section        0  port.o(i.vPortEnterCritical)
    i.vPortExitCritical                      0x08006348   Section        0  port.o(i.vPortExitCritical)
    i.vPortFree                              0x08006368   Section        0  heap_4.o(i.vPortFree)
    i.vPortSetupTimerInterrupt               0x080063b4   Section        0  port.o(i.vPortSetupTimerInterrupt)
    i.vQueueWaitForMessageRestricted         0x080063cc   Section        0  queue.o(i.vQueueWaitForMessageRestricted)
    i.vTaskDelay                             0x08006418   Section        0  tasks.o(i.vTaskDelay)
    i.vTaskInternalSetTimeOutState           0x0800644c   Section        0  tasks.o(i.vTaskInternalSetTimeOutState)
    i.vTaskMissedYield                       0x08006464   Section        0  tasks.o(i.vTaskMissedYield)
    i.vTaskPlaceOnEventList                  0x08006470   Section        0  tasks.o(i.vTaskPlaceOnEventList)
    i.vTaskPlaceOnEventListRestricted        0x08006490   Section        0  tasks.o(i.vTaskPlaceOnEventListRestricted)
    i.vTaskPlaceOnUnorderedEventList         0x080064dc   Section        0  tasks.o(i.vTaskPlaceOnUnorderedEventList)
    i.vTaskPriorityDisinheritAfterTimeout    0x0800652c   Section        0  tasks.o(i.vTaskPriorityDisinheritAfterTimeout)
    i.vTaskRemoveFromUnorderedEventList      0x08006600   Section        0  tasks.o(i.vTaskRemoveFromUnorderedEventList)
    i.vTaskStartScheduler                    0x080066d0   Section        0  tasks.o(i.vTaskStartScheduler)
    i.vTaskSuspendAll                        0x08006748   Section        0  tasks.o(i.vTaskSuspendAll)
    i.vTaskSwitchContext                     0x08006758   Section        0  tasks.o(i.vTaskSwitchContext)
    i.xEventGroupClearBits                   0x080067b8   Section        0  event_groups.o(i.xEventGroupClearBits)
    i.xEventGroupCreate                      0x080067d8   Section        0  event_groups.o(i.xEventGroupCreate)
    i.xEventGroupSetBits                     0x080067f2   Section        0  event_groups.o(i.xEventGroupSetBits)
    i.xEventGroupWaitBits                    0x08006884   Section        0  event_groups.o(i.xEventGroupWaitBits)
    i.xPortStartScheduler                    0x08006950   Section        0  port.o(i.xPortStartScheduler)
    i.xQueueCreateMutex                      0x08006984   Section        0  queue.o(i.xQueueCreateMutex)
    i.xQueueGenericCreate                    0x080069a6   Section        0  queue.o(i.xQueueGenericCreate)
    i.xQueueGenericReset                     0x080069f4   Section        0  queue.o(i.xQueueGenericReset)
    i.xQueueGenericSend                      0x08006a94   Section        0  queue.o(i.xQueueGenericSend)
    i.xQueueGenericSendFromISR               0x08006bac   Section        0  queue.o(i.xQueueGenericSendFromISR)
    i.xQueueReceive                          0x08006c44   Section        0  queue.o(i.xQueueReceive)
    i.xQueueSemaphoreTake                    0x08006d48   Section        0  queue.o(i.xQueueSemaphoreTake)
    i.xTaskCheckForTimeOut                   0x08006e78   Section        0  tasks.o(i.xTaskCheckForTimeOut)
    i.xTaskCreate                            0x08006ed8   Section        0  tasks.o(i.xTaskCreate)
    i.xTaskGetSchedulerState                 0x08006f40   Section        0  tasks.o(i.xTaskGetSchedulerState)
    i.xTaskGetTickCount                      0x08006f60   Section        0  tasks.o(i.xTaskGetTickCount)
    i.xTaskIncrementTick                     0x08006f6c   Section        0  tasks.o(i.xTaskIncrementTick)
    i.xTaskPriorityDisinherit                0x080070fc   Section        0  tasks.o(i.xTaskPriorityDisinherit)
    i.xTaskPriorityInherit                   0x080071a8   Section        0  tasks.o(i.xTaskPriorityInherit)
    i.xTaskRemoveFromEventList               0x08007294   Section        0  tasks.o(i.xTaskRemoveFromEventList)
    i.xTaskResumeAll                         0x0800739c   Section        0  tasks.o(i.xTaskResumeAll)
    i.xTimerCreate                           0x080074f8   Section        0  timers.o(i.xTimerCreate)
    i.xTimerCreateTimerTask                  0x08007530   Section        0  timers.o(i.xTimerCreateTimerTask)
    i.xTimerGenericCommand                   0x0800756c   Section        0  timers.o(i.xTimerGenericCommand)
    .conststring                             0x080075d8   Section     7182  freertos_demo.o(.conststring)
    .conststring                             0x080091e8   Section      548  servo.o(.conststring)
    .conststring                             0x0800940c   Section      127  body_hw.o(.conststring)
    .conststring                             0x0800948c   Section      132  waterbom.o(.conststring)
    .conststring                             0x08009510   Section      127  lock.o(.conststring)
    .data                                    0x20000000   Section       20  stm32f10x_rcc.o(.data)
    APBAHBPrescTable                         0x20000000   Data          16  stm32f10x_rcc.o(.data)
    ADCPrescTable                            0x20000010   Data           4  stm32f10x_rcc.o(.data)
    .data                                    0x20000014   Section        1  delay.o(.data)
    tim1_initialized                         0x20000014   Data           1  delay.o(.data)
    .data                                    0x20000018   Section      125  freertos_demo.o(.data)
    key_state                                0x20000094   Data           1  freertos_demo.o(.data)
    .data                                    0x20000098   Section       64  tasks.o(.data)
    pxDelayedTaskList                        0x2000009c   Data           4  tasks.o(.data)
    pxOverflowDelayedTaskList                0x200000a0   Data           4  tasks.o(.data)
    uxDeletedTasksWaitingCleanUp             0x200000a4   Data           4  tasks.o(.data)
    uxCurrentNumberOfTasks                   0x200000a8   Data           4  tasks.o(.data)
    xTickCount                               0x200000ac   Data           4  tasks.o(.data)
    uxTopReadyPriority                       0x200000b0   Data           4  tasks.o(.data)
    xSchedulerRunning                        0x200000b4   Data           4  tasks.o(.data)
    xPendedTicks                             0x200000b8   Data           4  tasks.o(.data)
    xYieldPending                            0x200000bc   Data           4  tasks.o(.data)
    xNumOfOverflows                          0x200000c0   Data           4  tasks.o(.data)
    uxTaskNumber                             0x200000c4   Data           4  tasks.o(.data)
    xNextTaskUnblockTime                     0x200000c8   Data           4  tasks.o(.data)
    xIdleTaskHandle                          0x200000cc   Data           4  tasks.o(.data)
    uxSchedulerSuspended                     0x200000d4   Data           4  tasks.o(.data)
    .data                                    0x200000d8   Section       20  timers.o(.data)
    pxCurrentTimerList                       0x200000d8   Data           4  timers.o(.data)
    pxOverflowTimerList                      0x200000dc   Data           4  timers.o(.data)
    xTimerQueue                              0x200000e0   Data           4  timers.o(.data)
    xTimerTaskHandle                         0x200000e4   Data           4  timers.o(.data)
    xLastTime                                0x200000e8   Data           4  timers.o(.data)
    .data                                    0x200000ec   Section       28  heap_4.o(.data)
    xStart                                   0x200000ec   Data           8  heap_4.o(.data)
    pxEnd                                    0x200000f4   Data           4  heap_4.o(.data)
    xFreeBytesRemaining                      0x200000f8   Data           4  heap_4.o(.data)
    xMinimumEverFreeBytesRemaining           0x200000fc   Data           4  heap_4.o(.data)
    xNumberOfSuccessfulAllocations           0x20000100   Data           4  heap_4.o(.data)
    xNumberOfSuccessfulFrees                 0x20000104   Data           4  heap_4.o(.data)
    .data                                    0x20000108   Section        4  port.o(.data)
    uxCriticalNesting                        0x20000108   Data           4  port.o(.data)
    .data                                    0x2000010c   Section        8  servo.o(.data)
    .data                                    0x20000114   Section        1  body_hw.o(.data)
    .data                                    0x20000115   Section        1  waterbom.o(.data)
    .data                                    0x20000116   Section        1  wind.o(.data)
    .data                                    0x20000117   Section        1  led.o(.data)
    .data                                    0x20000118   Section        9  safety.o(.data)
    .data                                    0x20000121   Section        1  lock.o(.data)
    .data                                    0x20000122   Section        4  uart.o(.data)
    .data                                    0x20000128   Section        8  help.o(.data)
    .data                                    0x20000130   Section      384  oled.o(.data)
    .data                                    0x200002b0   Section        4  stdout.o(.data)
    .bss                                     0x200002b4   Section      256  freertos_demo.o(.bss)
    .bss                                     0x200003b4   Section      300  tasks.o(.bss)
    pxReadyTasksLists                        0x200003b4   Data         200  tasks.o(.bss)
    xDelayedTaskList1                        0x2000047c   Data          20  tasks.o(.bss)
    xDelayedTaskList2                        0x20000490   Data          20  tasks.o(.bss)
    xPendingReadyList                        0x200004a4   Data          20  tasks.o(.bss)
    xTasksWaitingTermination                 0x200004b8   Data          20  tasks.o(.bss)
    xSuspendedTaskList                       0x200004cc   Data          20  tasks.o(.bss)
    .bss                                     0x200004e0   Section       40  timers.o(.bss)
    xActiveTimerList1                        0x200004e0   Data          20  timers.o(.bss)
    xActiveTimerList2                        0x200004f4   Data          20  timers.o(.bss)
    .bss                                     0x20000508   Section    17408  heap_4.o(.bss)
    ucHeap                                   0x20000508   Data       17408  heap_4.o(.bss)
    .bss                                     0x20004908   Section      256  uart.o(.bss)
    STACK                                    0x20004a08   Section     1024  startup_stm32f10x_md.o(STACK)

    Global Symbols

    Symbol Name                              Value     Ov Type        Size  Object(Section)

    BuildAttributes$$THM_ISAv4$P$D$K$B$S$PE$A:L22UL41UL21$X:L11$S22US41US21$IEEE1$IW$USESV6$~STKCKD$USESV7$~SHL$OTIME$ROPI$IEEEJ$EBA8$MICROLIB$REQ8$PRES8$EABIv2 0x00000000   Number         0  anon$$obj.o ABSOLUTE
    __ARM_use_no_argv                        0x00000000   Number         0  main.o ABSOLUTE
    _printf_a                                0x00000000   Number         0  stubs.o ABSOLUTE
    _printf_c                                0x00000000   Number         0  stubs.o ABSOLUTE
    _printf_charcount                        0x00000000   Number         0  stubs.o ABSOLUTE
    _printf_d                                0x00000000   Number         0  stubs.o ABSOLUTE
    _printf_e                                0x00000000   Number         0  stubs.o ABSOLUTE
    _printf_f                                0x00000000   Number         0  stubs.o ABSOLUTE
    _printf_flags                            0x00000000   Number         0  stubs.o ABSOLUTE
    _printf_fp_dec                           0x00000000   Number         0  stubs.o ABSOLUTE
    _printf_fp_hex                           0x00000000   Number         0  stubs.o ABSOLUTE
    _printf_g                                0x00000000   Number         0  stubs.o ABSOLUTE
    _printf_i                                0x00000000   Number         0  stubs.o ABSOLUTE
    _printf_int_dec                          0x00000000   Number         0  stubs.o ABSOLUTE
    _printf_l                                0x00000000   Number         0  stubs.o ABSOLUTE
    _printf_lc                               0x00000000   Number         0  stubs.o ABSOLUTE
    _printf_ll                               0x00000000   Number         0  stubs.o ABSOLUTE
    _printf_lld                              0x00000000   Number         0  stubs.o ABSOLUTE
    _printf_lli                              0x00000000   Number         0  stubs.o ABSOLUTE
    _printf_llo                              0x00000000   Number         0  stubs.o ABSOLUTE
    _printf_llu                              0x00000000   Number         0  stubs.o ABSOLUTE
    _printf_llx                              0x00000000   Number         0  stubs.o ABSOLUTE
    _printf_longlong_dec                     0x00000000   Number         0  stubs.o ABSOLUTE
    _printf_longlong_hex                     0x00000000   Number         0  stubs.o ABSOLUTE
    _printf_longlong_oct                     0x00000000   Number         0  stubs.o ABSOLUTE
    _printf_ls                               0x00000000   Number         0  stubs.o ABSOLUTE
    _printf_mbtowc                           0x00000000   Number         0  stubs.o ABSOLUTE
    _printf_n                                0x00000000   Number         0  stubs.o ABSOLUTE
    _printf_o                                0x00000000   Number         0  stubs.o ABSOLUTE
    _printf_p                                0x00000000   Number         0  stubs.o ABSOLUTE
    _printf_percent                          0x00000000   Number         0  stubs.o ABSOLUTE
    _printf_pre_padding                      0x00000000   Number         0  stubs.o ABSOLUTE
    _printf_return_value                     0x00000000   Number         0  stubs.o ABSOLUTE
    _printf_s                                0x00000000   Number         0  stubs.o ABSOLUTE
    _printf_sizespec                         0x00000000   Number         0  stubs.o ABSOLUTE
    _printf_str                              0x00000000   Number         0  stubs.o ABSOLUTE
    _printf_truncate_signed                  0x00000000   Number         0  stubs.o ABSOLUTE
    _printf_truncate_unsigned                0x00000000   Number         0  stubs.o ABSOLUTE
    _printf_u                                0x00000000   Number         0  stubs.o ABSOLUTE
    _printf_wc                               0x00000000   Number         0  stubs.o ABSOLUTE
    _printf_wctomb                           0x00000000   Number         0  stubs.o ABSOLUTE
    _printf_widthprec                        0x00000000   Number         0  stubs.o ABSOLUTE
    _printf_x                                0x00000000   Number         0  stubs.o ABSOLUTE
    __cpp_initialize__aeabi_                  - Undefined Weak Reference
    __cxa_finalize                            - Undefined Weak Reference
    _clock_init                               - Undefined Weak Reference
    _microlib_exit                            - Undefined Weak Reference
    __Vectors_Size                           0x000000ec   Number         0  startup_stm32f10x_md.o ABSOLUTE
    __Vectors                                0x08000000   Data           4  startup_stm32f10x_md.o(RESET)
    __Vectors_End                            0x080000ec   Data           0  startup_stm32f10x_md.o(RESET)
    __main                                   0x080000ed   Thumb Code     0  entry.o(.ARM.Collect$$$$00000000)
    _main_stk                                0x080000ed   Thumb Code     0  entry2.o(.ARM.Collect$$$$00000001)
    _main_scatterload                        0x080000f1   Thumb Code     0  entry5.o(.ARM.Collect$$$$00000004)
    __main_after_scatterload                 0x080000f5   Thumb Code     0  entry5.o(.ARM.Collect$$$$00000004)
    _main_clock                              0x080000f5   Thumb Code     0  entry7b.o(.ARM.Collect$$$$00000008)
    _main_cpp_init                           0x080000f5   Thumb Code     0  entry8b.o(.ARM.Collect$$$$0000000A)
    _main_init                               0x080000f5   Thumb Code     0  entry9a.o(.ARM.Collect$$$$0000000B)
    __rt_final_cpp                           0x080000fd   Thumb Code     0  entry10a.o(.ARM.Collect$$$$0000000D)
    __rt_final_exit                          0x080000fd   Thumb Code     0  entry11a.o(.ARM.Collect$$$$0000000F)
    SVC_Handler                              0x08000101   Thumb Code    32  port.o(.emb_text)
    __asm___6_port_c_39a90d8d__prvStartFirstTask 0x08000125   Thumb Code    28  port.o(.emb_text)
    PendSV_Handler                           0x08000145   Thumb Code    72  port.o(.emb_text)
    vPortGetIPSR                             0x08000191   Thumb Code     6  port.o(.emb_text)
    Reset_Handler                            0x08000199   Thumb Code     8  startup_stm32f10x_md.o(.text)
    ADC1_2_IRQHandler                        0x080001b3   Thumb Code     0  startup_stm32f10x_md.o(.text)
    CAN1_RX1_IRQHandler                      0x080001b3   Thumb Code     0  startup_stm32f10x_md.o(.text)
    CAN1_SCE_IRQHandler                      0x080001b3   Thumb Code     0  startup_stm32f10x_md.o(.text)
    DMA1_Channel1_IRQHandler                 0x080001b3   Thumb Code     0  startup_stm32f10x_md.o(.text)
    DMA1_Channel2_IRQHandler                 0x080001b3   Thumb Code     0  startup_stm32f10x_md.o(.text)
    DMA1_Channel3_IRQHandler                 0x080001b3   Thumb Code     0  startup_stm32f10x_md.o(.text)
    DMA1_Channel4_IRQHandler                 0x080001b3   Thumb Code     0  startup_stm32f10x_md.o(.text)
    DMA1_Channel5_IRQHandler                 0x080001b3   Thumb Code     0  startup_stm32f10x_md.o(.text)
    DMA1_Channel6_IRQHandler                 0x080001b3   Thumb Code     0  startup_stm32f10x_md.o(.text)
    DMA1_Channel7_IRQHandler                 0x080001b3   Thumb Code     0  startup_stm32f10x_md.o(.text)
    EXTI0_IRQHandler                         0x080001b3   Thumb Code     0  startup_stm32f10x_md.o(.text)
    EXTI15_10_IRQHandler                     0x080001b3   Thumb Code     0  startup_stm32f10x_md.o(.text)
    EXTI1_IRQHandler                         0x080001b3   Thumb Code     0  startup_stm32f10x_md.o(.text)
    EXTI2_IRQHandler                         0x080001b3   Thumb Code     0  startup_stm32f10x_md.o(.text)
    EXTI3_IRQHandler                         0x080001b3   Thumb Code     0  startup_stm32f10x_md.o(.text)
    EXTI4_IRQHandler                         0x080001b3   Thumb Code     0  startup_stm32f10x_md.o(.text)
    FLASH_IRQHandler                         0x080001b3   Thumb Code     0  startup_stm32f10x_md.o(.text)
    I2C1_ER_IRQHandler                       0x080001b3   Thumb Code     0  startup_stm32f10x_md.o(.text)
    I2C1_EV_IRQHandler                       0x080001b3   Thumb Code     0  startup_stm32f10x_md.o(.text)
    I2C2_ER_IRQHandler                       0x080001b3   Thumb Code     0  startup_stm32f10x_md.o(.text)
    I2C2_EV_IRQHandler                       0x080001b3   Thumb Code     0  startup_stm32f10x_md.o(.text)
    PVD_IRQHandler                           0x080001b3   Thumb Code     0  startup_stm32f10x_md.o(.text)
    RCC_IRQHandler                           0x080001b3   Thumb Code     0  startup_stm32f10x_md.o(.text)
    RTCAlarm_IRQHandler                      0x080001b3   Thumb Code     0  startup_stm32f10x_md.o(.text)
    RTC_IRQHandler                           0x080001b3   Thumb Code     0  startup_stm32f10x_md.o(.text)
    SPI1_IRQHandler                          0x080001b3   Thumb Code     0  startup_stm32f10x_md.o(.text)
    SPI2_IRQHandler                          0x080001b3   Thumb Code     0  startup_stm32f10x_md.o(.text)
    TAMPER_IRQHandler                        0x080001b3   Thumb Code     0  startup_stm32f10x_md.o(.text)
    TIM1_BRK_IRQHandler                      0x080001b3   Thumb Code     0  startup_stm32f10x_md.o(.text)
    TIM1_CC_IRQHandler                       0x080001b3   Thumb Code     0  startup_stm32f10x_md.o(.text)
    TIM1_TRG_COM_IRQHandler                  0x080001b3   Thumb Code     0  startup_stm32f10x_md.o(.text)
    TIM1_UP_IRQHandler                       0x080001b3   Thumb Code     0  startup_stm32f10x_md.o(.text)
    TIM2_IRQHandler                          0x080001b3   Thumb Code     0  startup_stm32f10x_md.o(.text)
    TIM4_IRQHandler                          0x080001b3   Thumb Code     0  startup_stm32f10x_md.o(.text)
    USART2_IRQHandler                        0x080001b3   Thumb Code     0  startup_stm32f10x_md.o(.text)
    USART3_IRQHandler                        0x080001b3   Thumb Code     0  startup_stm32f10x_md.o(.text)
    USBWakeUp_IRQHandler                     0x080001b3   Thumb Code     0  startup_stm32f10x_md.o(.text)
    USB_HP_CAN1_TX_IRQHandler                0x080001b3   Thumb Code     0  startup_stm32f10x_md.o(.text)
    USB_LP_CAN1_RX0_IRQHandler               0x080001b3   Thumb Code     0  startup_stm32f10x_md.o(.text)
    WWDG_IRQHandler                          0x080001b3   Thumb Code     0  startup_stm32f10x_md.o(.text)
    ___aeabi_memcpy4$ret                     0x080001bd   Thumb Code     0  memcpy.o(.text)
    ___aeabi_memcpy8$ret                     0x080001bd   Thumb Code     0  memcpy.o(.text)
    __aeabi_memcpy                           0x080001bd   Thumb Code    40  memcpy.o(.text)
    memcpy                                   0x080001bd   Thumb Code     0  memcpy.o(.text)
    __aeabi_memset                           0x080001e5   Thumb Code    14  memseta.o(.text)
    __aeabi_memset4                          0x080001e5   Thumb Code     0  memseta.o(.text)
    __aeabi_memset8                          0x080001e5   Thumb Code     0  memseta.o(.text)
    __aeabi_memclr                           0x080001f3   Thumb Code     4  memseta.o(.text)
    __aeabi_memclr4                          0x080001f3   Thumb Code     0  memseta.o(.text)
    __aeabi_memclr8                          0x080001f3   Thumb Code     0  memseta.o(.text)
    memset                                   0x080001f7   Thumb Code    18  memseta.o(.text)
    strstr                                   0x08000209   Thumb Code    36  strstr.o(.text)
    __aeabi_fadd                             0x0800022d   Thumb Code   164  fadd.o(.text)
    __aeabi_fsub                             0x080002d1   Thumb Code     6  fadd.o(.text)
    __aeabi_frsub                            0x080002d7   Thumb Code     6  fadd.o(.text)
    __aeabi_fmul                             0x080002dd   Thumb Code   100  fmul.o(.text)
    __aeabi_fdiv                             0x08000341   Thumb Code   124  fdiv.o(.text)
    __aeabi_dadd                             0x080003bd   Thumb Code   322  dadd.o(.text)
    __aeabi_dsub                             0x080004ff   Thumb Code     6  dadd.o(.text)
    __aeabi_drsub                            0x08000505   Thumb Code     6  dadd.o(.text)
    __aeabi_dmul                             0x0800050b   Thumb Code   228  dmul.o(.text)
    __aeabi_i2f                              0x080005ef   Thumb Code    18  fflti.o(.text)
    __aeabi_ui2f                             0x08000601   Thumb Code    10  ffltui.o(.text)
    __aeabi_f2iz                             0x0800060b   Thumb Code    50  ffixi.o(.text)
    __aeabi_f2uiz                            0x0800063d   Thumb Code    40  ffixui.o(.text)
    __aeabi_cdrcmple                         0x08000665   Thumb Code    48  cdrcmple.o(.text)
    __aeabi_cfcmpeq                          0x08000695   Thumb Code     0  cfcmple.o(.text)
    __aeabi_cfcmple                          0x08000695   Thumb Code    20  cfcmple.o(.text)
    __aeabi_cfrcmple                         0x080006a9   Thumb Code    20  cfrcmple.o(.text)
    __aeabi_uidiv                            0x080006bd   Thumb Code     0  uidiv.o(.text)
    __aeabi_uidivmod                         0x080006bd   Thumb Code    44  uidiv.o(.text)
    __aeabi_uldivmod                         0x080006e9   Thumb Code    98  uldiv.o(.text)
    __aeabi_llsl                             0x0800074b   Thumb Code    30  llshl.o(.text)
    _ll_shift_l                              0x0800074b   Thumb Code     0  llshl.o(.text)
    __aeabi_llsr                             0x08000769   Thumb Code    32  llushr.o(.text)
    _ll_ushift_r                             0x08000769   Thumb Code     0  llushr.o(.text)
    __aeabi_lasr                             0x08000789   Thumb Code    36  llsshr.o(.text)
    _ll_sshift_r                             0x08000789   Thumb Code     0  llsshr.o(.text)
    __I$use$fp                               0x080007ad   Thumb Code     0  iusefp.o(.text)
    _float_round                             0x080007ad   Thumb Code    18  fepilogue.o(.text)
    _float_epilogue                          0x080007bf   Thumb Code    92  fepilogue.o(.text)
    _double_round                            0x0800081b   Thumb Code    30  depilogue.o(.text)
    _double_epilogue                         0x08000839   Thumb Code   156  depilogue.o(.text)
    __aeabi_ddiv                             0x080008d5   Thumb Code   222  ddiv.o(.text)
    __aeabi_d2ulz                            0x080009b3   Thumb Code    48  dfixul.o(.text)
    __scatterload                            0x080009e5   Thumb Code    28  init.o(.text)
    __scatterload_rt2                        0x080009e5   Thumb Code     0  init.o(.text)
    __decompress                             0x08000a09   Thumb Code     0  __dczerorl2.o(.text)
    __decompress1                            0x08000a09   Thumb Code    86  __dczerorl2.o(.text)
    ADC1_Init                                0x08000a61   Thumb Code   104  adc1.o(i.ADC1_Init)
    ADC1_ReadChannel                         0x08000acd   Thumb Code    46  adc1.o(i.ADC1_ReadChannel)
    ADC_Cmd                                  0x08000b01   Thumb Code    22  stm32f10x_adc.o(i.ADC_Cmd)
    ADC_GetCalibrationStatus                 0x08000b17   Thumb Code    20  stm32f10x_adc.o(i.ADC_GetCalibrationStatus)
    ADC_GetConversionValue                   0x08000b2b   Thumb Code     8  stm32f10x_adc.o(i.ADC_GetConversionValue)
    ADC_GetFlagStatus                        0x08000b33   Thumb Code    18  stm32f10x_adc.o(i.ADC_GetFlagStatus)
    ADC_GetResetCalibrationStatus            0x08000b45   Thumb Code    20  stm32f10x_adc.o(i.ADC_GetResetCalibrationStatus)
    ADC_Init                                 0x08000b59   Thumb Code    70  stm32f10x_adc.o(i.ADC_Init)
    ADC_RegularChannelConfig                 0x08000ba9   Thumb Code   184  stm32f10x_adc.o(i.ADC_RegularChannelConfig)
    ADC_ResetCalibration                     0x08000c61   Thumb Code    10  stm32f10x_adc.o(i.ADC_ResetCalibration)
    ADC_SoftwareStartConvCmd                 0x08000c6b   Thumb Code    22  stm32f10x_adc.o(i.ADC_SoftwareStartConvCmd)
    ADC_StartCalibration                     0x08000c81   Thumb Code    10  stm32f10x_adc.o(i.ADC_StartCalibration)
    BODY_HW_GetData_in                       0x08000c8d   Thumb Code    40  body_hw.o(i.BODY_HW_GetData_in)
    BODY_HW_GetData_out                      0x08000cbd   Thumb Code    18  body_hw.o(i.BODY_HW_GetData_out)
    BODY_HW_Init                             0x08000cd5   Thumb Code    34  body_hw.o(i.BODY_HW_Init)
    BusFault_Handler                         0x08000cfd   Thumb Code     4  stm32f10x_it.o(i.BusFault_Handler)
    DebugMon_Handler                         0x08000d01   Thumb Code     2  stm32f10x_it.o(i.DebugMon_Handler)
    Delay_Init                               0x08000d05   Thumb Code    64  delay.o(i.Delay_Init)
    Delay_us                                 0x08000d4d   Thumb Code    52  delay.o(i.Delay_us)
    DoorControl_InToOut_Close                0x08000d89   Thumb Code    58  servo.o(i.DoorControl_InToOut_Close)
    DoorControl_InToOut_Open                 0x08000dcd   Thumb Code    58  servo.o(i.DoorControl_InToOut_Open)
    DoorControl_OutToIn_Close                0x08000e11   Thumb Code    58  servo.o(i.DoorControl_OutToIn_Close)
    DoorControl_OutToIn_Open                 0x08000e55   Thumb Code    58  servo.o(i.DoorControl_OutToIn_Open)
    ESP8266_SendAT                           0x08000e99   Thumb Code    18  uart.o(i.ESP8266_SendAT)
    ESP8266_SendString                       0x08000eb1   Thumb Code    38  uart.o(i.ESP8266_SendString)
    EXTI9_5_IRQHandler                       0x08000edd   Thumb Code    80  help.o(i.EXTI9_5_IRQHandler)
    EXTI_ClearITPendingBit                   0x08000f39   Thumb Code     6  stm32f10x_exti.o(i.EXTI_ClearITPendingBit)
    EXTI_GetITStatus                         0x08000f45   Thumb Code    34  stm32f10x_exti.o(i.EXTI_GetITStatus)
    EXTI_Init                                0x08000f6d   Thumb Code   142  stm32f10x_exti.o(i.EXTI_Init)
    FreeRTOS_Start                           0x08001001   Thumb Code   464  freertos_demo.o(i.FreeRTOS_Start)
    GPIO_EXTILineConfig                      0x08001371   Thumb Code    60  stm32f10x_gpio.o(i.GPIO_EXTILineConfig)
    GPIO_Init                                0x080013b1   Thumb Code   278  stm32f10x_gpio.o(i.GPIO_Init)
    GPIO_ReadInputDataBit                    0x080014c7   Thumb Code    18  stm32f10x_gpio.o(i.GPIO_ReadInputDataBit)
    GPIO_ResetBits                           0x080014d9   Thumb Code     4  stm32f10x_gpio.o(i.GPIO_ResetBits)
    GPIO_SetBits                             0x080014dd   Thumb Code     4  stm32f10x_gpio.o(i.GPIO_SetBits)
    GPIO_WriteBit                            0x080014e1   Thumb Code    10  stm32f10x_gpio.o(i.GPIO_WriteBit)
    HW_GetData_IN                            0x080014ed   Thumb Code    26  hw.o(i.HW_GetData_IN)
    HW_GetData_OUT                           0x0800150d   Thumb Code    26  hw.o(i.HW_GetData_OUT)
    HX711_GetData                            0x0800152d   Thumb Code   136  hx711.o(i.HX711_GetData)
    HX711_Init                               0x080015b9   Thumb Code    62  hx711.o(i.HX711_Init)
    HardFault_Handler                        0x080015fd   Thumb Code     4  stm32f10x_it.o(i.HardFault_Handler)
    Key_EXTI_Init                            0x08001601   Thumb Code   116  help.o(i.Key_EXTI_Init)
    LED_Init                                 0x0800167d   Thumb Code    46  led.o(i.LED_Init)
    LED_OFF                                  0x080016b1   Thumb Code    18  led.o(i.LED_OFF)
    LED_ON                                   0x080016cd   Thumb Code    18  led.o(i.LED_ON)
    Light_Init                               0x080016e9   Thumb Code    38  light.o(i.Light_Init)
    Light_IsDark                             0x08001715   Thumb Code    26  light.o(i.Light_IsDark)
    Lock_Init                                0x08001731   Thumb Code    38  lock.o(i.Lock_Init)
    Lock_OFF                                 0x0800175d   Thumb Code    20  lock.o(i.Lock_OFF)
    Lock_ON                                  0x08001779   Thumb Code    20  lock.o(i.Lock_ON)
    MQ135_ADC_Read                           0x08001795   Thumb Code    10  mq135.o(i.MQ135_ADC_Read)
    MQ135_GetData                            0x0800179f   Thumb Code    38  mq135.o(i.MQ135_GetData)
    MQ135_Init                               0x080017c5   Thumb Code    32  mq135.o(i.MQ135_Init)
    MemManage_Handler                        0x080017e9   Thumb Code     4  stm32f10x_it.o(i.MemManage_Handler)
    NMI_Handler                              0x080017ed   Thumb Code     2  stm32f10x_it.o(i.NMI_Handler)
    NVIC_Init                                0x080017f1   Thumb Code   100  misc.o(i.NVIC_Init)
    NVIC_PriorityGroupConfig                 0x08001861   Thumb Code    10  misc.o(i.NVIC_PriorityGroupConfig)
    OLED_Clear                               0x08001875   Thumb Code    42  oled.o(i.OLED_Clear)
    OLED_I2C_Init                            0x080018a1   Thumb Code    76  oled.o(i.OLED_I2C_Init)
    OLED_I2C_SendByte                        0x080018f1   Thumb Code    80  oled.o(i.OLED_I2C_SendByte)
    OLED_I2C_Start                           0x08001945   Thumb Code    48  oled.o(i.OLED_I2C_Start)
    OLED_I2C_Stop                            0x08001979   Thumb Code    36  oled.o(i.OLED_I2C_Stop)
    OLED_Init                                0x080019a1   Thumb Code   174  oled.o(i.OLED_Init)
    OLED_SetCursor                           0x08001a4f   Thumb Code    34  oled.o(i.OLED_SetCursor)
    OLED_ShowChinese                         0x08001a71   Thumb Code   102  oled.o(i.OLED_ShowChinese)
    OLED_WriteCommand                        0x08001add   Thumb Code    32  oled.o(i.OLED_WriteCommand)
    OLED_WriteData                           0x08001afd   Thumb Code    32  oled.o(i.OLED_WriteData)
    PWM_SetCompare2                          0x08001b1d   Thumb Code    16  servo.o(i.PWM_SetCompare2)
    RCC_ADCCLKConfig                         0x08001b2d   Thumb Code    18  stm32f10x_rcc.o(i.RCC_ADCCLKConfig)
    RCC_APB1PeriphClockCmd                   0x08001b45   Thumb Code    26  stm32f10x_rcc.o(i.RCC_APB1PeriphClockCmd)
    RCC_APB2PeriphClockCmd                   0x08001b65   Thumb Code    26  stm32f10x_rcc.o(i.RCC_APB2PeriphClockCmd)
    RCC_GetClocksFreq                        0x08001b85   Thumb Code   192  stm32f10x_rcc.o(i.RCC_GetClocksFreq)
    ReadLine                                 0x08001c59   Thumb Code    86  uart.o(i.ReadLine)
    Send_Door_Status_To_OneNET               0x08001cbd   Thumb Code    88  servo.o(i.Send_Door_Status_To_OneNET)
    Send_Lock_Status_To_OneNET               0x08001d29   Thumb Code    40  lock.o(i.Send_Lock_Status_To_OneNET)
    Send_User_Status_To_OneNET               0x08001d69   Thumb Code    40  body_hw.o(i.Send_User_Status_To_OneNET)
    Send_WaterPump_Status_To_OneNET          0x08001da9   Thumb Code    40  waterbom.o(i.Send_WaterPump_Status_To_OneNET)
    Servo_Init                               0x08001de9   Thumb Code   160  servo.o(i.Servo_Init)
    Servo_SetAngle                           0x08001e95   Thumb Code    48  servo.o(i.Servo_SetAngle)
    SysTick_Handler                          0x08001fb9   Thumb Code    46  port.o(i.SysTick_Handler)
    SystemInit                               0x08001fed   Thumb Code    78  system_stm32f10x.o(i.SystemInit)
    TIM3_IRQHandler                          0x0800204d   Thumb Code    60  safety.o(i.TIM3_IRQHandler)
    TIM_ClearITPendingBit                    0x0800209d   Thumb Code     6  stm32f10x_tim.o(i.TIM_ClearITPendingBit)
    TIM_Cmd                                  0x080020a3   Thumb Code    24  stm32f10x_tim.o(i.TIM_Cmd)
    TIM_GetCounter                           0x080020bb   Thumb Code     6  stm32f10x_tim.o(i.TIM_GetCounter)
    TIM_GetITStatus                          0x080020c1   Thumb Code    34  stm32f10x_tim.o(i.TIM_GetITStatus)
    TIM_ITConfig                             0x080020e3   Thumb Code    18  stm32f10x_tim.o(i.TIM_ITConfig)
    TIM_InternalClockConfig                  0x080020f5   Thumb Code    12  stm32f10x_tim.o(i.TIM_InternalClockConfig)
    TIM_OC2Init                              0x08002101   Thumb Code   154  stm32f10x_tim.o(i.TIM_OC2Init)
    TIM_OCStructInit                         0x080021a5   Thumb Code    20  stm32f10x_tim.o(i.TIM_OCStructInit)
    TIM_SetCompare2                          0x080021b9   Thumb Code     4  stm32f10x_tim.o(i.TIM_SetCompare2)
    TIM_SetCounter                           0x080021bd   Thumb Code     4  stm32f10x_tim.o(i.TIM_SetCounter)
    TIM_TimeBaseInit                         0x080021c1   Thumb Code   122  stm32f10x_tim.o(i.TIM_TimeBaseInit)
    USART1_IRQHandler                        0x08002265   Thumb Code    56  uart.o(i.USART1_IRQHandler)
    USART1_Init                              0x080022a9   Thumb Code   156  uart.o(i.USART1_Init)
    USART2_Init                              0x0800234d   Thumb Code   116  uart2.o(i.USART2_Init)
    USART_Cmd                                0x080023c9   Thumb Code    24  stm32f10x_usart.o(i.USART_Cmd)
    USART_GetFlagStatus                      0x080023e1   Thumb Code    26  stm32f10x_usart.o(i.USART_GetFlagStatus)
    USART_GetITStatus                        0x080023fb   Thumb Code    84  stm32f10x_usart.o(i.USART_GetITStatus)
    USART_ITConfig                           0x0800244f   Thumb Code    74  stm32f10x_usart.o(i.USART_ITConfig)
    USART_Init                               0x08002499   Thumb Code   210  stm32f10x_usart.o(i.USART_Init)
    USART_ReceiveData                        0x08002571   Thumb Code    10  stm32f10x_usart.o(i.USART_ReceiveData)
    USART_SendData                           0x0800257b   Thumb Code     8  stm32f10x_usart.o(i.USART_SendData)
    UsageFault_Handler                       0x08002583   Thumb Code     4  stm32f10x_it.o(i.UsageFault_Handler)
    Water_ADC_Read                           0x08002587   Thumb Code    10  water.o(i.Water_ADC_Read)
    Water_Init                               0x08002591   Thumb Code    32  water.o(i.Water_Init)
    Waterbom_Init                            0x080025b5   Thumb Code    38  waterbom.o(i.Waterbom_Init)
    Waterbom_OFF                             0x080025e1   Thumb Code    18  waterbom.o(i.Waterbom_OFF)
    Waterbom_ON                              0x080025fd   Thumb Code    18  waterbom.o(i.Waterbom_ON)
    Wind_Init                                0x08002619   Thumb Code    38  wind.o(i.Wind_Init)
    Wind_OFF                                 0x08002645   Thumb Code    18  wind.o(i.Wind_OFF)
    Wind_ON                                  0x08002661   Thumb Code    18  wind.o(i.Wind_ON)
    __0printf                                0x0800267d   Thumb Code    22  printfa.o(i.__0printf)
    __1printf                                0x0800267d   Thumb Code     0  printfa.o(i.__0printf)
    __2printf                                0x0800267d   Thumb Code     0  printfa.o(i.__0printf)
    __c89printf                              0x0800267d   Thumb Code     0  printfa.o(i.__0printf)
    printf                                   0x0800267d   Thumb Code     0  printfa.o(i.__0printf)
    __0sprintf                               0x0800269d   Thumb Code    34  printfa.o(i.__0sprintf)
    __1sprintf                               0x0800269d   Thumb Code     0  printfa.o(i.__0sprintf)
    __2sprintf                               0x0800269d   Thumb Code     0  printfa.o(i.__0sprintf)
    __c89sprintf                             0x0800269d   Thumb Code     0  printfa.o(i.__0sprintf)
    sprintf                                  0x0800269d   Thumb Code     0  printfa.o(i.__0sprintf)
    __scatterload_copy                       0x080026c5   Thumb Code    14  handlers.o(i.__scatterload_copy)
    __scatterload_null                       0x080026d3   Thumb Code     2  handlers.o(i.__scatterload_null)
    __scatterload_zeroinit                   0x080026d5   Thumb Code    14  handlers.o(i.__scatterload_zeroinit)
    callBackFunc_softTimer                   0x08002fa1   Thumb Code    88  freertos_demo.o(i.callBackFunc_softTimer)
    fputc                                    0x08003009   Thumb Code    32  uart2.o(i.fputc)
    getStatus_led                            0x0800302d   Thumb Code     6  led.o(i.getStatus_led)
    getStatus_lock                           0x08003039   Thumb Code     6  lock.o(i.getStatus_lock)
    getStatus_user                           0x08003045   Thumb Code     6  body_hw.o(i.getStatus_user)
    getStatus_waterPump                      0x08003051   Thumb Code     6  waterbom.o(i.getStatus_waterPump)
    getStatus_wind                           0x0800305d   Thumb Code     6  wind.o(i.getStatus_wind)
    main                                     0x08003069   Thumb Code    18  main.o(i.main)
    pvPortMalloc                             0x080039e1   Thumb Code   208  heap_4.o(i.pvPortMalloc)
    pvTaskIncrementMutexHeldCount            0x08003ac5   Thumb Code    26  tasks.o(i.pvTaskIncrementMutexHeldCount)
    pxPortInitialiseStack                    0x08003ae5   Thumb Code    30  port.o(i.pxPortInitialiseStack)
    reset_rx_buffer                          0x08003b09   Thumb Code    14  uart.o(i.reset_rx_buffer)
    reset_rx_headTail                        0x08003b1d   Thumb Code    12  uart.o(i.reset_rx_headTail)
    safety_timer_get_accident_flag           0x08003b31   Thumb Code    32  safety.o(i.safety_timer_get_accident_flag)
    safety_timer_init                        0x08003b59   Thumb Code   130  safety.o(i.safety_timer_init)
    safety_timer_reset                       0x08003bf1   Thumb Code    12  safety.o(i.safety_timer_reset)
    safety_timer_start                       0x08003c05   Thumb Code    20  safety.o(i.safety_timer_start)
    safety_timer_stop                        0x08003c25   Thumb Code     8  safety.o(i.safety_timer_stop)
    task_bodyHw                              0x08003c31   Thumb Code    90  freertos_demo.o(i.task_bodyHw)
    task_esp8266_test                        0x08003c95   Thumb Code  5866  freertos_demo.o(i.task_esp8266_test)
    task_light                               0x08005399   Thumb Code   232  freertos_demo.o(i.task_light)
    task_light_src                           0x08005499   Thumb Code   204  freertos_demo.o(i.task_light_src)
    task_oled                                0x0800557d   Thumb Code   174  freertos_demo.o(i.task_oled)
    task_safety                              0x08005639   Thumb Code   224  freertos_demo.o(i.task_safety)
    task_servo_closeToIn                     0x08005745   Thumb Code   196  freertos_demo.o(i.task_servo_closeToIn)
    task_servo_openToIn                      0x08005815   Thumb Code   512  freertos_demo.o(i.task_servo_openToIn)
    task_servo_openToOut                     0x08005a35   Thumb Code   212  freertos_demo.o(i.task_servo_openToOut)
    task_waterLevel                          0x08005b1d   Thumb Code   206  freertos_demo.o(i.task_waterLevel)
    task_waterPump                           0x08005c19   Thumb Code   194  freertos_demo.o(i.task_waterPump)
    task_weight                              0x08005ce9   Thumb Code   484  freertos_demo.o(i.task_weight)
    task_wind                                0x08005f29   Thumb Code   296  freertos_demo.o(i.task_wind)
    task_wind_src                            0x08006075   Thumb Code   238  freertos_demo.o(i.task_wind_src)
    uxListRemove                             0x0800617d   Thumb Code    40  list.o(i.uxListRemove)
    uxTaskGetNumberOfTasks                   0x080061a5   Thumb Code     6  tasks.o(i.uxTaskGetNumberOfTasks)
    uxTaskResetEventItemValue                0x080061b1   Thumb Code    24  tasks.o(i.uxTaskResetEventItemValue)
    vKeyTask                                 0x080061cd   Thumb Code   196  freertos_demo.o(i.vKeyTask)
    vListInitialise                          0x080062d1   Thumb Code    26  list.o(i.vListInitialise)
    vListInitialiseItem                      0x080062eb   Thumb Code     6  list.o(i.vListInitialiseItem)
    vListInsert                              0x080062f1   Thumb Code    52  list.o(i.vListInsert)
    vPortEnterCritical                       0x08006325   Thumb Code    30  port.o(i.vPortEnterCritical)
    vPortExitCritical                        0x08006349   Thumb Code    28  port.o(i.vPortExitCritical)
    vPortFree                                0x08006369   Thumb Code    68  heap_4.o(i.vPortFree)
    vPortSetupTimerInterrupt                 0x080063b5   Thumb Code    20  port.o(i.vPortSetupTimerInterrupt)
    vQueueWaitForMessageRestricted           0x080063cd   Thumb Code    74  queue.o(i.vQueueWaitForMessageRestricted)
    vTaskDelay                               0x08006419   Thumb Code    46  tasks.o(i.vTaskDelay)
    vTaskInternalSetTimeOutState             0x0800644d   Thumb Code    14  tasks.o(i.vTaskInternalSetTimeOutState)
    vTaskMissedYield                         0x08006465   Thumb Code     8  tasks.o(i.vTaskMissedYield)
    vTaskPlaceOnEventList                    0x08006471   Thumb Code    28  tasks.o(i.vTaskPlaceOnEventList)
    vTaskPlaceOnEventListRestricted          0x08006491   Thumb Code    70  tasks.o(i.vTaskPlaceOnEventListRestricted)
    vTaskPlaceOnUnorderedEventList           0x080064dd   Thumb Code    74  tasks.o(i.vTaskPlaceOnUnorderedEventList)
    vTaskPriorityDisinheritAfterTimeout      0x0800652d   Thumb Code   204  tasks.o(i.vTaskPriorityDisinheritAfterTimeout)
    vTaskRemoveFromUnorderedEventList        0x08006601   Thumb Code   190  tasks.o(i.vTaskRemoveFromUnorderedEventList)
    vTaskStartScheduler                      0x080066d1   Thumb Code    86  tasks.o(i.vTaskStartScheduler)
    vTaskSuspendAll                          0x08006749   Thumb Code    12  tasks.o(i.vTaskSuspendAll)
    vTaskSwitchContext                       0x08006759   Thumb Code    76  tasks.o(i.vTaskSwitchContext)
    xEventGroupClearBits                     0x080067b9   Thumb Code    32  event_groups.o(i.xEventGroupClearBits)
    xEventGroupCreate                        0x080067d9   Thumb Code    26  event_groups.o(i.xEventGroupCreate)
    xEventGroupSetBits                       0x080067f3   Thumb Code   146  event_groups.o(i.xEventGroupSetBits)
    xEventGroupWaitBits                      0x08006885   Thumb Code   198  event_groups.o(i.xEventGroupWaitBits)
    xPortStartScheduler                      0x08006951   Thumb Code    42  port.o(i.xPortStartScheduler)
    xQueueCreateMutex                        0x08006985   Thumb Code    34  queue.o(i.xQueueCreateMutex)
    xQueueGenericCreate                      0x080069a7   Thumb Code    76  queue.o(i.xQueueGenericCreate)
    xQueueGenericReset                       0x080069f5   Thumb Code   156  queue.o(i.xQueueGenericReset)
    xQueueGenericSend                        0x08006a95   Thumb Code   276  queue.o(i.xQueueGenericSend)
    xQueueGenericSendFromISR                 0x08006bad   Thumb Code   152  queue.o(i.xQueueGenericSendFromISR)
    xQueueReceive                            0x08006c45   Thumb Code   256  queue.o(i.xQueueReceive)
    xQueueSemaphoreTake                      0x08006d49   Thumb Code   300  queue.o(i.xQueueSemaphoreTake)
    xTaskCheckForTimeOut                     0x08006e79   Thumb Code    88  tasks.o(i.xTaskCheckForTimeOut)
    xTaskCreate                              0x08006ed9   Thumb Code   104  tasks.o(i.xTaskCreate)
    xTaskGetSchedulerState                   0x08006f41   Thumb Code    24  tasks.o(i.xTaskGetSchedulerState)
    xTaskGetTickCount                        0x08006f61   Thumb Code     6  tasks.o(i.xTaskGetTickCount)
    xTaskIncrementTick                       0x08006f6d   Thumb Code   356  tasks.o(i.xTaskIncrementTick)
    xTaskPriorityDisinherit                  0x080070fd   Thumb Code   162  tasks.o(i.xTaskPriorityDisinherit)
    xTaskPriorityInherit                     0x080071a9   Thumb Code   224  tasks.o(i.xTaskPriorityInherit)
    xTaskRemoveFromEventList                 0x08007295   Thumb Code   240  tasks.o(i.xTaskRemoveFromEventList)
    xTaskResumeAll                           0x0800739d   Thumb Code   310  tasks.o(i.xTaskResumeAll)
    xTimerCreate                             0x080074f9   Thumb Code    54  timers.o(i.xTimerCreate)
    xTimerCreateTimerTask                    0x08007531   Thumb Code    40  timers.o(i.xTimerCreateTimerTask)
    xTimerGenericCommand                     0x0800756d   Thumb Code   102  timers.o(i.xTimerGenericCommand)
    Region$$Table$$Base                      0x08009590   Number         0  anon$$obj.o(Region$$Table)
    Region$$Table$$Limit                     0x080095b0   Number         0  anon$$obj.o(Region$$Table)
    id                                       0x20000018   Data           2  freertos_demo.o(.data)
    bodyHw_value_out                         0x2000001a   Data           2  freertos_demo.o(.data)
    bodyHw_value_pre_out                     0x2000001c   Data           2  freertos_demo.o(.data)
    firstFlag_softTimer                      0x2000001e   Data           1  freertos_demo.o(.data)
    bodyHw_value_in                          0x20000020   Data           2  freertos_demo.o(.data)
    bodyHw_value_pre_in                      0x20000022   Data           2  freertos_demo.o(.data)
    state_user_in                            0x20000024   Data           1  freertos_demo.o(.data)
    state_oled_this                          0x20000025   Data           1  freertos_demo.o(.data)
    len                                      0x20000026   Data           2  freertos_demo.o(.data)
    value                                    0x20000028   Data           4  freertos_demo.o(.data)
    weight                                   0x2000002c   Data           4  freertos_demo.o(.data)
    reset                                    0x20000030   Data           4  freertos_demo.o(.data)
    Weights                                  0x20000034   Data           4  freertos_demo.o(.data)
    Weights_100                              0x20000038   Data           4  freertos_demo.o(.data)
    state_first_safety                       0x2000003c   Data           1  freertos_demo.o(.data)
    uxBits                                   0x20000040   Data           4  freertos_demo.o(.data)
    handle_eventGroup_servo_openOrCloseCtrl  0x20000044   Data           4  freertos_demo.o(.data)
    handle_softTimer                         0x20000048   Data           4  freertos_demo.o(.data)
    handle_semMutex_usart                    0x2000004c   Data           4  freertos_demo.o(.data)
    handle_semMutex_lighting                 0x20000050   Data           4  freertos_demo.o(.data)
    handle_semMutex_mq135                    0x20000054   Data           4  freertos_demo.o(.data)
    handle_task_bodyHw                       0x20000058   Data           4  freertos_demo.o(.data)
    handle_task_servo_openToIn               0x2000005c   Data           4  freertos_demo.o(.data)
    handle_task_servo_openToOut              0x20000060   Data           4  freertos_demo.o(.data)
    handle_task_servo_closeToIn              0x20000064   Data           4  freertos_demo.o(.data)
    handle_task_waterPump                    0x20000068   Data           4  freertos_demo.o(.data)
    handle_task_wind_src                     0x2000006c   Data           4  freertos_demo.o(.data)
    handle_task_wind                         0x20000070   Data           4  freertos_demo.o(.data)
    handle_task_light_src                    0x20000074   Data           4  freertos_demo.o(.data)
    handle_task_light                        0x20000078   Data           4  freertos_demo.o(.data)
    handle_task_waterLevel                   0x2000007c   Data           4  freertos_demo.o(.data)
    handle_task_safety                       0x20000080   Data           4  freertos_demo.o(.data)
    handle_task_oled                         0x20000084   Data           4  freertos_demo.o(.data)
    handle_task_weight                       0x20000088   Data           4  freertos_demo.o(.data)
    handle_task_esp8266_test                 0x2000008c   Data           4  freertos_demo.o(.data)
    handle_vKeyTask                          0x20000090   Data           4  freertos_demo.o(.data)
    pxCurrentTCB                             0x20000098   Data           4  tasks.o(.data)
    uxTopUsedPriority                        0x200000d0   Data           4  tasks.o(.data)
    status_door                              0x2000010c   Data           1  servo.o(.data)
    angle_this                               0x20000110   Data           4  servo.o(.data)
    status_user                              0x20000114   Data           1  body_hw.o(.data)
    status_waterPump                         0x20000115   Data           1  waterbom.o(.data)
    status_wind                              0x20000116   Data           1  wind.o(.data)
    status_led                               0x20000117   Data           1  led.o(.data)
    safety_timer_counter                     0x20000118   Data           4  safety.o(.data)
    safety_timer_enabled                     0x2000011c   Data           1  safety.o(.data)
    safety_target_minutes                    0x2000011d   Data           1  safety.o(.data)
    safety_accident_flag                     0x2000011e   Data           2  safety.o(.data)
    flag_accident                            0x20000120   Data           1  safety.o(.data)
    status_lock                              0x20000121   Data           1  lock.o(.data)
    rx_head                                  0x20000122   Data           2  uart.o(.data)
    rx_tail                                  0x20000124   Data           2  uart.o(.data)
    level                                    0x20000128   Data           1  help.o(.data)
    xKeyEventQueue                           0x2000012c   Data           4  help.o(.data)
    Font_Chinese                             0x20000130   Data         384  oled.o(.data)
    __stdout                                 0x200002b0   Data           4  stdout.o(.data)
    line                                     0x200002b4   Data         256  freertos_demo.o(.bss)
    rx_buffer                                0x20004908   Data         256  uart.o(.bss)
    __initial_sp                             0x20004e08   Data           0  startup_stm32f10x_md.o(STACK)



==============================================================================

Memory Map of the image

  Image Entry point : 0x080000ed

  Load Region LR_IROM1 (Base: 0x08000000, Size: 0x00009864, Max: 0x00010000, ABSOLUTE, COMPRESSED[0x00009688])

    Execution Region ER_IROM1 (Exec base: 0x08000000, Load base: 0x08000000, Size: 0x000095b0, Max: 0x00010000, ABSOLUTE)

    Exec Addr    Load Addr    Size         Type   Attr      Idx    E Section Name        Object

    0x08000000   0x08000000   0x000000ec   Data   RO         3809    RESET               startup_stm32f10x_md.o
    0x080000ec   0x080000ec   0x00000000   Code   RO         5986  * .ARM.Collect$$$$00000000  mc_w.l(entry.o)
    0x080000ec   0x080000ec   0x00000004   Code   RO         6336    .ARM.Collect$$$$00000001  mc_w.l(entry2.o)
    0x080000f0   0x080000f0   0x00000004   Code   RO         6339    .ARM.Collect$$$$00000004  mc_w.l(entry5.o)
    0x080000f4   0x080000f4   0x00000000   Code   RO         6341    .ARM.Collect$$$$00000008  mc_w.l(entry7b.o)
    0x080000f4   0x080000f4   0x00000000   Code   RO         6343    .ARM.Collect$$$$0000000A  mc_w.l(entry8b.o)
    0x080000f4   0x080000f4   0x00000008   Code   RO         6344    .ARM.Collect$$$$0000000B  mc_w.l(entry9a.o)
    0x080000fc   0x080000fc   0x00000000   Code   RO         6346    .ARM.Collect$$$$0000000D  mc_w.l(entry10a.o)
    0x080000fc   0x080000fc   0x00000000   Code   RO         6348    .ARM.Collect$$$$0000000F  mc_w.l(entry11a.o)
    0x080000fc   0x080000fc   0x00000004   Code   RO         6337    .ARM.Collect$$$$00002712  mc_w.l(entry2.o)
    0x08000100   0x08000100   0x00000096   Code   RO         5079    .emb_text           port.o
    0x08000196   0x08000196   0x00000002   PAD
    0x08000198   0x08000198   0x00000024   Code   RO         3810    .text               startup_stm32f10x_md.o
    0x080001bc   0x080001bc   0x00000028   Code   RO         5991    .text               mc_w.l(memcpy.o)
    0x080001e4   0x080001e4   0x00000024   Code   RO         5997    .text               mc_w.l(memseta.o)
    0x08000208   0x08000208   0x00000024   Code   RO         5999    .text               mc_w.l(strstr.o)
    0x0800022c   0x0800022c   0x000000b0   Code   RO         6304    .text               mf_w.l(fadd.o)
    0x080002dc   0x080002dc   0x00000064   Code   RO         6306    .text               mf_w.l(fmul.o)
    0x08000340   0x08000340   0x0000007c   Code   RO         6308    .text               mf_w.l(fdiv.o)
    0x080003bc   0x080003bc   0x0000014e   Code   RO         6310    .text               mf_w.l(dadd.o)
    0x0800050a   0x0800050a   0x000000e4   Code   RO         6312    .text               mf_w.l(dmul.o)
    0x080005ee   0x080005ee   0x00000012   Code   RO         6314    .text               mf_w.l(fflti.o)
    0x08000600   0x08000600   0x0000000a   Code   RO         6316    .text               mf_w.l(ffltui.o)
    0x0800060a   0x0800060a   0x00000032   Code   RO         6320    .text               mf_w.l(ffixi.o)
    0x0800063c   0x0800063c   0x00000028   Code   RO         6322    .text               mf_w.l(ffixui.o)
    0x08000664   0x08000664   0x00000030   Code   RO         6330    .text               mf_w.l(cdrcmple.o)
    0x08000694   0x08000694   0x00000014   Code   RO         6332    .text               mf_w.l(cfcmple.o)
    0x080006a8   0x080006a8   0x00000014   Code   RO         6334    .text               mf_w.l(cfrcmple.o)
    0x080006bc   0x080006bc   0x0000002c   Code   RO         6351    .text               mc_w.l(uidiv.o)
    0x080006e8   0x080006e8   0x00000062   Code   RO         6353    .text               mc_w.l(uldiv.o)
    0x0800074a   0x0800074a   0x0000001e   Code   RO         6355    .text               mc_w.l(llshl.o)
    0x08000768   0x08000768   0x00000020   Code   RO         6357    .text               mc_w.l(llushr.o)
    0x08000788   0x08000788   0x00000024   Code   RO         6359    .text               mc_w.l(llsshr.o)
    0x080007ac   0x080007ac   0x00000000   Code   RO         6379    .text               mc_w.l(iusefp.o)
    0x080007ac   0x080007ac   0x0000006e   Code   RO         6380    .text               mf_w.l(fepilogue.o)
    0x0800081a   0x0800081a   0x000000ba   Code   RO         6382    .text               mf_w.l(depilogue.o)
    0x080008d4   0x080008d4   0x000000de   Code   RO         6384    .text               mf_w.l(ddiv.o)
    0x080009b2   0x080009b2   0x00000030   Code   RO         6386    .text               mf_w.l(dfixul.o)
    0x080009e2   0x080009e2   0x00000002   PAD
    0x080009e4   0x080009e4   0x00000024   Code   RO         6388    .text               mc_w.l(init.o)
    0x08000a08   0x08000a08   0x00000056   Code   RO         6411    .text               mc_w.l(__dczerorl2.o)
    0x08000a5e   0x08000a5e   0x00000002   PAD
    0x08000a60   0x08000a60   0x0000006c   Code   RO         5509    i.ADC1_Init         adc1.o
    0x08000acc   0x08000acc   0x00000034   Code   RO         5510    i.ADC1_ReadChannel  adc1.o
    0x08000b00   0x08000b00   0x00000016   Code   RO          131    i.ADC_Cmd           stm32f10x_adc.o
    0x08000b16   0x08000b16   0x00000014   Code   RO          139    i.ADC_GetCalibrationStatus  stm32f10x_adc.o
    0x08000b2a   0x08000b2a   0x00000008   Code   RO          140    i.ADC_GetConversionValue  stm32f10x_adc.o
    0x08000b32   0x08000b32   0x00000012   Code   RO          142    i.ADC_GetFlagStatus  stm32f10x_adc.o
    0x08000b44   0x08000b44   0x00000014   Code   RO          145    i.ADC_GetResetCalibrationStatus  stm32f10x_adc.o
    0x08000b58   0x08000b58   0x00000050   Code   RO          149    i.ADC_Init          stm32f10x_adc.o
    0x08000ba8   0x08000ba8   0x000000b8   Code   RO          153    i.ADC_RegularChannelConfig  stm32f10x_adc.o
    0x08000c60   0x08000c60   0x0000000a   Code   RO          154    i.ADC_ResetCalibration  stm32f10x_adc.o
    0x08000c6a   0x08000c6a   0x00000016   Code   RO          156    i.ADC_SoftwareStartConvCmd  stm32f10x_adc.o
    0x08000c80   0x08000c80   0x0000000a   Code   RO          158    i.ADC_StartCalibration  stm32f10x_adc.o
    0x08000c8a   0x08000c8a   0x00000002   PAD
    0x08000c8c   0x08000c8c   0x00000030   Code   RO         5237    i.BODY_HW_GetData_in  body_hw.o
    0x08000cbc   0x08000cbc   0x00000018   Code   RO         5238    i.BODY_HW_GetData_out  body_hw.o
    0x08000cd4   0x08000cd4   0x00000028   Code   RO         5239    i.BODY_HW_Init      body_hw.o
    0x08000cfc   0x08000cfc   0x00000004   Code   RO         4073    i.BusFault_Handler  stm32f10x_it.o
    0x08000d00   0x08000d00   0x00000002   Code   RO         4074    i.DebugMon_Handler  stm32f10x_it.o
    0x08000d02   0x08000d02   0x00000002   PAD
    0x08000d04   0x08000d04   0x00000048   Code   RO         3878    i.Delay_Init        delay.o
    0x08000d4c   0x08000d4c   0x0000003c   Code   RO         3881    i.Delay_us          delay.o
    0x08000d88   0x08000d88   0x00000044   Code   RO         5150    i.DoorControl_InToOut_Close  servo.o
    0x08000dcc   0x08000dcc   0x00000044   Code   RO         5151    i.DoorControl_InToOut_Open  servo.o
    0x08000e10   0x08000e10   0x00000044   Code   RO         5152    i.DoorControl_OutToIn_Close  servo.o
    0x08000e54   0x08000e54   0x00000044   Code   RO         5153    i.DoorControl_OutToIn_Open  servo.o
    0x08000e98   0x08000e98   0x00000018   Code   RO         5734    i.ESP8266_SendAT    uart.o
    0x08000eb0   0x08000eb0   0x0000002c   Code   RO         5735    i.ESP8266_SendString  uart.o
    0x08000edc   0x08000edc   0x0000005c   Code   RO         5829    i.EXTI9_5_IRQHandler  help.o
    0x08000f38   0x08000f38   0x0000000c   Code   RO          914    i.EXTI_ClearITPendingBit  stm32f10x_exti.o
    0x08000f44   0x08000f44   0x00000028   Code   RO          918    i.EXTI_GetITStatus  stm32f10x_exti.o
    0x08000f6c   0x08000f6c   0x00000094   Code   RO          919    i.EXTI_Init         stm32f10x_exti.o
    0x08001000   0x08001000   0x00000370   Code   RO         4118    i.FreeRTOS_Start    freertos_demo.o
    0x08001370   0x08001370   0x00000040   Code   RO         1273    i.GPIO_EXTILineConfig  stm32f10x_gpio.o
    0x080013b0   0x080013b0   0x00000116   Code   RO         1276    i.GPIO_Init         stm32f10x_gpio.o
    0x080014c6   0x080014c6   0x00000012   Code   RO         1280    i.GPIO_ReadInputDataBit  stm32f10x_gpio.o
    0x080014d8   0x080014d8   0x00000004   Code   RO         1283    i.GPIO_ResetBits    stm32f10x_gpio.o
    0x080014dc   0x080014dc   0x00000004   Code   RO         1284    i.GPIO_SetBits      stm32f10x_gpio.o
    0x080014e0   0x080014e0   0x0000000a   Code   RO         1287    i.GPIO_WriteBit     stm32f10x_gpio.o
    0x080014ea   0x080014ea   0x00000002   PAD
    0x080014ec   0x080014ec   0x00000020   Code   RO         5299    i.HW_GetData_IN     hw.o
    0x0800150c   0x0800150c   0x00000020   Code   RO         5300    i.HW_GetData_OUT    hw.o
    0x0800152c   0x0800152c   0x0000008c   Code   RO         5581    i.HX711_GetData     hx711.o
    0x080015b8   0x080015b8   0x00000044   Code   RO         5582    i.HX711_Init        hx711.o
    0x080015fc   0x080015fc   0x00000004   Code   RO         4075    i.HardFault_Handler  stm32f10x_it.o
    0x08001600   0x08001600   0x0000007c   Code   RO         5830    i.Key_EXTI_Init     help.o
    0x0800167c   0x0800167c   0x00000034   Code   RO         5438    i.LED_Init          led.o
    0x080016b0   0x080016b0   0x0000001c   Code   RO         5439    i.LED_OFF           led.o
    0x080016cc   0x080016cc   0x0000001c   Code   RO         5440    i.LED_ON            led.o
    0x080016e8   0x080016e8   0x0000002c   Code   RO         5491    i.Light_Init        light.o
    0x08001714   0x08001714   0x0000001a   Code   RO         5492    i.Light_IsDark      light.o
    0x0800172e   0x0800172e   0x00000002   PAD
    0x08001730   0x08001730   0x0000002c   Code   RO         5677    i.Lock_Init         lock.o
    0x0800175c   0x0800175c   0x0000001c   Code   RO         5678    i.Lock_OFF          lock.o
    0x08001778   0x08001778   0x0000001c   Code   RO         5679    i.Lock_ON           lock.o
    0x08001794   0x08001794   0x0000000a   Code   RO         5554    i.MQ135_ADC_Read    mq135.o
    0x0800179e   0x0800179e   0x00000026   Code   RO         5555    i.MQ135_GetData     mq135.o
    0x080017c4   0x080017c4   0x00000024   Code   RO         5556    i.MQ135_Init        mq135.o
    0x080017e8   0x080017e8   0x00000004   Code   RO         4076    i.MemManage_Handler  stm32f10x_it.o
    0x080017ec   0x080017ec   0x00000002   Code   RO         4077    i.NMI_Handler       stm32f10x_it.o
    0x080017ee   0x080017ee   0x00000002   PAD
    0x080017f0   0x080017f0   0x00000070   Code   RO            1    i.NVIC_Init         misc.o
    0x08001860   0x08001860   0x00000014   Code   RO            2    i.NVIC_PriorityGroupConfig  misc.o
    0x08001874   0x08001874   0x0000002a   Code   RO         5863    i.OLED_Clear        oled.o
    0x0800189e   0x0800189e   0x00000002   PAD
    0x080018a0   0x080018a0   0x00000050   Code   RO         5864    i.OLED_I2C_Init     oled.o
    0x080018f0   0x080018f0   0x00000054   Code   RO         5865    i.OLED_I2C_SendByte  oled.o
    0x08001944   0x08001944   0x00000034   Code   RO         5866    i.OLED_I2C_Start    oled.o
    0x08001978   0x08001978   0x00000028   Code   RO         5867    i.OLED_I2C_Stop     oled.o
    0x080019a0   0x080019a0   0x000000ae   Code   RO         5868    i.OLED_Init         oled.o
    0x08001a4e   0x08001a4e   0x00000022   Code   RO         5870    i.OLED_SetCursor    oled.o
    0x08001a70   0x08001a70   0x0000006c   Code   RO         5873    i.OLED_ShowChinese  oled.o
    0x08001adc   0x08001adc   0x00000020   Code   RO         5878    i.OLED_WriteCommand  oled.o
    0x08001afc   0x08001afc   0x00000020   Code   RO         5879    i.OLED_WriteData    oled.o
    0x08001b1c   0x08001b1c   0x00000010   Code   RO         5154    i.PWM_SetCompare2   servo.o
    0x08001b2c   0x08001b2c   0x00000018   Code   RO         1702    i.RCC_ADCCLKConfig  stm32f10x_rcc.o
    0x08001b44   0x08001b44   0x00000020   Code   RO         1704    i.RCC_APB1PeriphClockCmd  stm32f10x_rcc.o
    0x08001b64   0x08001b64   0x00000020   Code   RO         1706    i.RCC_APB2PeriphClockCmd  stm32f10x_rcc.o
    0x08001b84   0x08001b84   0x000000d4   Code   RO         1714    i.RCC_GetClocksFreq  stm32f10x_rcc.o
    0x08001c58   0x08001c58   0x00000064   Code   RO         5736    i.ReadLine          uart.o
    0x08001cbc   0x08001cbc   0x0000006c   Code   RO         5155    i.Send_Door_Status_To_OneNET  servo.o
    0x08001d28   0x08001d28   0x00000040   Code   RO         5680    i.Send_Lock_Status_To_OneNET  lock.o
    0x08001d68   0x08001d68   0x00000040   Code   RO         5240    i.Send_User_Status_To_OneNET  body_hw.o
    0x08001da8   0x08001da8   0x00000040   Code   RO         5326    i.Send_WaterPump_Status_To_OneNET  waterbom.o
    0x08001de8   0x08001de8   0x000000ac   Code   RO         5156    i.Servo_Init        servo.o
    0x08001e94   0x08001e94   0x0000003c   Code   RO         5157    i.Servo_SetAngle    servo.o
    0x08001ed0   0x08001ed0   0x00000008   Code   RO         3825    i.SetSysClock       system_stm32f10x.o
    0x08001ed8   0x08001ed8   0x000000e0   Code   RO         3826    i.SetSysClockTo72   system_stm32f10x.o
    0x08001fb8   0x08001fb8   0x00000034   Code   RO         5080    i.SysTick_Handler   port.o
    0x08001fec   0x08001fec   0x00000060   Code   RO         3828    i.SystemInit        system_stm32f10x.o
    0x0800204c   0x0800204c   0x00000050   Code   RO         5602    i.TIM3_IRQHandler   safety.o
    0x0800209c   0x0800209c   0x00000006   Code   RO         2345    i.TIM_ClearITPendingBit  stm32f10x_tim.o
    0x080020a2   0x080020a2   0x00000018   Code   RO         2350    i.TIM_Cmd           stm32f10x_tim.o
    0x080020ba   0x080020ba   0x00000006   Code   RO         2369    i.TIM_GetCounter    stm32f10x_tim.o
    0x080020c0   0x080020c0   0x00000022   Code   RO         2371    i.TIM_GetITStatus   stm32f10x_tim.o
    0x080020e2   0x080020e2   0x00000012   Code   RO         2375    i.TIM_ITConfig      stm32f10x_tim.o
    0x080020f4   0x080020f4   0x0000000c   Code   RO         2377    i.TIM_InternalClockConfig  stm32f10x_tim.o
    0x08002100   0x08002100   0x000000a4   Code   RO         2384    i.TIM_OC2Init       stm32f10x_tim.o
    0x080021a4   0x080021a4   0x00000014   Code   RO         2397    i.TIM_OCStructInit  stm32f10x_tim.o
    0x080021b8   0x080021b8   0x00000004   Code   RO         2412    i.TIM_SetCompare2   stm32f10x_tim.o
    0x080021bc   0x080021bc   0x00000004   Code   RO         2415    i.TIM_SetCounter    stm32f10x_tim.o
    0x080021c0   0x080021c0   0x000000a4   Code   RO         2421    i.TIM_TimeBaseInit  stm32f10x_tim.o
    0x08002264   0x08002264   0x00000044   Code   RO         5737    i.USART1_IRQHandler  uart.o
    0x080022a8   0x080022a8   0x000000a4   Code   RO         5738    i.USART1_Init       uart.o
    0x0800234c   0x0800234c   0x0000007c   Code   RO         5807    i.USART2_Init       uart2.o
    0x080023c8   0x080023c8   0x00000018   Code   RO         2889    i.USART_Cmd         stm32f10x_usart.o
    0x080023e0   0x080023e0   0x0000001a   Code   RO         2892    i.USART_GetFlagStatus  stm32f10x_usart.o
    0x080023fa   0x080023fa   0x00000054   Code   RO         2893    i.USART_GetITStatus  stm32f10x_usart.o
    0x0800244e   0x0800244e   0x0000004a   Code   RO         2895    i.USART_ITConfig    stm32f10x_usart.o
    0x08002498   0x08002498   0x000000d8   Code   RO         2896    i.USART_Init        stm32f10x_usart.o
    0x08002570   0x08002570   0x0000000a   Code   RO         2903    i.USART_ReceiveData  stm32f10x_usart.o
    0x0800257a   0x0800257a   0x00000008   Code   RO         2906    i.USART_SendData    stm32f10x_usart.o
    0x08002582   0x08002582   0x00000004   Code   RO         4078    i.UsageFault_Handler  stm32f10x_it.o
    0x08002586   0x08002586   0x0000000a   Code   RO         5527    i.Water_ADC_Read    water.o
    0x08002590   0x08002590   0x00000024   Code   RO         5528    i.Water_Init        water.o
    0x080025b4   0x080025b4   0x0000002c   Code   RO         5327    i.Waterbom_Init     waterbom.o
    0x080025e0   0x080025e0   0x0000001c   Code   RO         5328    i.Waterbom_OFF      waterbom.o
    0x080025fc   0x080025fc   0x0000001c   Code   RO         5329    i.Waterbom_ON       waterbom.o
    0x08002618   0x08002618   0x0000002c   Code   RO         5385    i.Wind_Init         wind.o
    0x08002644   0x08002644   0x0000001c   Code   RO         5386    i.Wind_OFF          wind.o
    0x08002660   0x08002660   0x0000001c   Code   RO         5387    i.Wind_ON           wind.o
    0x0800267c   0x0800267c   0x00000020   Code   RO         6246    i.__0printf         mc_w.l(printfa.o)
    0x0800269c   0x0800269c   0x00000028   Code   RO         6248    i.__0sprintf        mc_w.l(printfa.o)
    0x080026c4   0x080026c4   0x0000000e   Code   RO         6405    i.__scatterload_copy  mc_w.l(handlers.o)
    0x080026d2   0x080026d2   0x00000002   Code   RO         6406    i.__scatterload_null  mc_w.l(handlers.o)
    0x080026d4   0x080026d4   0x0000000e   Code   RO         6407    i.__scatterload_zeroinit  mc_w.l(handlers.o)
    0x080026e2   0x080026e2   0x00000002   PAD
    0x080026e4   0x080026e4   0x00000184   Code   RO         6253    i._fp_digits        mc_w.l(printfa.o)
    0x08002868   0x08002868   0x000006dc   Code   RO         6254    i._printf_core      mc_w.l(printfa.o)
    0x08002f44   0x08002f44   0x00000024   Code   RO         6255    i._printf_post_padding  mc_w.l(printfa.o)
    0x08002f68   0x08002f68   0x0000002e   Code   RO         6256    i._printf_pre_padding  mc_w.l(printfa.o)
    0x08002f96   0x08002f96   0x0000000a   Code   RO         6258    i._sputc            mc_w.l(printfa.o)
    0x08002fa0   0x08002fa0   0x00000068   Code   RO         4119    i.callBackFunc_softTimer  freertos_demo.o
    0x08003008   0x08003008   0x00000024   Code   RO         5808    i.fputc             uart2.o
    0x0800302c   0x0800302c   0x0000000c   Code   RO         5442    i.getStatus_led     led.o
    0x08003038   0x08003038   0x0000000c   Code   RO         5681    i.getStatus_lock    lock.o
    0x08003044   0x08003044   0x0000000c   Code   RO         5241    i.getStatus_user    body_hw.o
    0x08003050   0x08003050   0x0000000c   Code   RO         5330    i.getStatus_waterPump  waterbom.o
    0x0800305c   0x0800305c   0x0000000c   Code   RO         5388    i.getStatus_wind    wind.o
    0x08003068   0x08003068   0x00000012   Code   RO         3944    i.main              main.o
    0x0800307a   0x0800307a   0x00000002   PAD
    0x0800307c   0x0800307c   0x000000c0   Code   RO         4540    i.prvAddCurrentTaskToDelayedList  tasks.o
    0x0800313c   0x0800313c   0x000000e4   Code   RO         4541    i.prvAddNewTaskToReadyList  tasks.o
    0x08003220   0x08003220   0x0000004c   Code   RO         4874    i.prvCheckForValidListAndQueue  timers.o
    0x0800326c   0x0800326c   0x00000048   Code   RO         4542    i.prvCheckTasksWaitingTermination  tasks.o
    0x080032b4   0x080032b4   0x0000002a   Code   RO         4379    i.prvCopyDataFromQueue  queue.o
    0x080032de   0x080032de   0x0000007e   Code   RO         4380    i.prvCopyDataToQueue  queue.o
    0x0800335c   0x0800335c   0x00000012   Code   RO         4543    i.prvDeleteTCB      tasks.o
    0x0800336e   0x0800336e   0x00000014   Code   RO         4381    i.prvGetDisinheritPriorityAfterTimeout  queue.o
    0x08003382   0x08003382   0x00000002   PAD
    0x08003384   0x08003384   0x00000028   Code   RO         4875    i.prvGetNextExpireTime  timers.o
    0x080033ac   0x080033ac   0x00000070   Code   RO         5018    i.prvHeapInit       heap_4.o
    0x0800341c   0x0800341c   0x00000028   Code   RO         4544    i.prvIdleTask       tasks.o
    0x08003444   0x08003444   0x0000001e   Code   RO         4382    i.prvInitialiseMutex  queue.o
    0x08003462   0x08003462   0x00000026   Code   RO         4383    i.prvInitialiseNewQueue  queue.o
    0x08003488   0x08003488   0x0000007c   Code   RO         4545    i.prvInitialiseNewTask  tasks.o
    0x08003504   0x08003504   0x00000038   Code   RO         4876    i.prvInitialiseNewTimer  timers.o
    0x0800353c   0x0800353c   0x00000068   Code   RO         4546    i.prvInitialiseTaskLists  tasks.o
    0x080035a4   0x080035a4   0x00000068   Code   RO         5019    i.prvInsertBlockIntoFreeList  heap_4.o
    0x0800360c   0x0800360c   0x00000058   Code   RO         4877    i.prvInsertTimerInActiveList  timers.o
    0x08003664   0x08003664   0x0000001a   Code   RO         4384    i.prvIsQueueEmpty   queue.o
    0x0800367e   0x0800367e   0x0000001e   Code   RO         4385    i.prvIsQueueFull    queue.o
    0x0800369c   0x0800369c   0x00000044   Code   RO         4878    i.prvProcessExpiredTimer  timers.o
    0x080036e0   0x080036e0   0x000000f8   Code   RO         4879    i.prvProcessReceivedCommands  timers.o
    0x080037d8   0x080037d8   0x00000074   Code   RO         4880    i.prvProcessTimerOrBlockTask  timers.o
    0x0800384c   0x0800384c   0x00000028   Code   RO         4881    i.prvReloadTimer    timers.o
    0x08003874   0x08003874   0x00000030   Code   RO         4547    i.prvResetNextTaskUnblockTime  tasks.o
    0x080038a4   0x080038a4   0x0000002c   Code   RO         4882    i.prvSampleTimeNow  timers.o
    0x080038d0   0x080038d0   0x00000044   Code   RO         4883    i.prvSwitchTimerLists  timers.o
    0x08003914   0x08003914   0x00000016   Code   RO         5081    i.prvTaskExitError  port.o
    0x0800392a   0x0800392a   0x0000001e   Code   RO         4251    i.prvTestWaitCondition  event_groups.o
    0x08003948   0x08003948   0x0000001a   Code   RO         4884    i.prvTimerTask      timers.o
    0x08003962   0x08003962   0x0000007e   Code   RO         4386    i.prvUnlockQueue    queue.o
    0x080039e0   0x080039e0   0x000000e4   Code   RO         5021    i.pvPortMalloc      heap_4.o
    0x08003ac4   0x08003ac4   0x00000020   Code   RO         4549    i.pvTaskIncrementMutexHeldCount  tasks.o
    0x08003ae4   0x08003ae4   0x00000024   Code   RO         5082    i.pxPortInitialiseStack  port.o
    0x08003b08   0x08003b08   0x00000014   Code   RO         5741    i.reset_rx_buffer   uart.o
    0x08003b1c   0x08003b1c   0x00000014   Code   RO         5742    i.reset_rx_headTail  uart.o
    0x08003b30   0x08003b30   0x00000028   Code   RO         5604    i.safety_timer_get_accident_flag  safety.o
    0x08003b58   0x08003b58   0x00000098   Code   RO         5607    i.safety_timer_init  safety.o
    0x08003bf0   0x08003bf0   0x00000014   Code   RO         5608    i.safety_timer_reset  safety.o
    0x08003c04   0x08003c04   0x00000020   Code   RO         5610    i.safety_timer_start  safety.o
    0x08003c24   0x08003c24   0x0000000c   Code   RO         5611    i.safety_timer_stop  safety.o
    0x08003c30   0x08003c30   0x00000064   Code   RO         4120    i.task_bodyHw       freertos_demo.o
    0x08003c94   0x08003c94   0x00001704   Code   RO         4121    i.task_esp8266_test  freertos_demo.o
    0x08005398   0x08005398   0x00000100   Code   RO         4122    i.task_light        freertos_demo.o
    0x08005498   0x08005498   0x000000e4   Code   RO         4123    i.task_light_src    freertos_demo.o
    0x0800557c   0x0800557c   0x000000bc   Code   RO         4124    i.task_oled         freertos_demo.o
    0x08005638   0x08005638   0x0000010c   Code   RO         4125    i.task_safety       freertos_demo.o
    0x08005744   0x08005744   0x000000d0   Code   RO         4126    i.task_servo_closeToIn  freertos_demo.o
    0x08005814   0x08005814   0x00000220   Code   RO         4127    i.task_servo_openToIn  freertos_demo.o
    0x08005a34   0x08005a34   0x000000e8   Code   RO         4128    i.task_servo_openToOut  freertos_demo.o
    0x08005b1c   0x08005b1c   0x000000fc   Code   RO         4129    i.task_waterLevel   freertos_demo.o
    0x08005c18   0x08005c18   0x000000d0   Code   RO         4130    i.task_waterPump    freertos_demo.o
    0x08005ce8   0x08005ce8   0x00000240   Code   RO         4131    i.task_weight       freertos_demo.o
    0x08005f28   0x08005f28   0x0000014c   Code   RO         4132    i.task_wind         freertos_demo.o
    0x08006074   0x08006074   0x00000108   Code   RO         4133    i.task_wind_src     freertos_demo.o
    0x0800617c   0x0800617c   0x00000028   Code   RO         4340    i.uxListRemove      list.o
    0x080061a4   0x080061a4   0x0000000c   Code   RO         4552    i.uxTaskGetNumberOfTasks  tasks.o
    0x080061b0   0x080061b0   0x0000001c   Code   RO         4555    i.uxTaskResetEventItemValue  tasks.o
    0x080061cc   0x080061cc   0x00000104   Code   RO         4134    i.vKeyTask          freertos_demo.o
    0x080062d0   0x080062d0   0x0000001a   Code   RO         4341    i.vListInitialise   list.o
    0x080062ea   0x080062ea   0x00000006   Code   RO         4342    i.vListInitialiseItem  list.o
    0x080062f0   0x080062f0   0x00000034   Code   RO         4343    i.vListInsert       list.o
    0x08006324   0x08006324   0x00000024   Code   RO         5084    i.vPortEnterCritical  port.o
    0x08006348   0x08006348   0x00000020   Code   RO         5085    i.vPortExitCritical  port.o
    0x08006368   0x08006368   0x0000004c   Code   RO         5022    i.vPortFree         heap_4.o
    0x080063b4   0x080063b4   0x00000018   Code   RO         5086    i.vPortSetupTimerInterrupt  port.o
    0x080063cc   0x080063cc   0x0000004a   Code   RO         4391    i.vQueueWaitForMessageRestricted  queue.o
    0x08006416   0x08006416   0x00000002   PAD
    0x08006418   0x08006418   0x00000034   Code   RO         4556    i.vTaskDelay        tasks.o
    0x0800644c   0x0800644c   0x00000018   Code   RO         4560    i.vTaskInternalSetTimeOutState  tasks.o
    0x08006464   0x08006464   0x0000000c   Code   RO         4561    i.vTaskMissedYield  tasks.o
    0x08006470   0x08006470   0x00000020   Code   RO         4562    i.vTaskPlaceOnEventList  tasks.o
    0x08006490   0x08006490   0x0000004c   Code   RO         4563    i.vTaskPlaceOnEventListRestricted  tasks.o
    0x080064dc   0x080064dc   0x00000050   Code   RO         4564    i.vTaskPlaceOnUnorderedEventList  tasks.o
    0x0800652c   0x0800652c   0x000000d4   Code   RO         4565    i.vTaskPriorityDisinheritAfterTimeout  tasks.o
    0x08006600   0x08006600   0x000000d0   Code   RO         4567    i.vTaskRemoveFromUnorderedEventList  tasks.o
    0x080066d0   0x080066d0   0x00000078   Code   RO         4570    i.vTaskStartScheduler  tasks.o
    0x08006748   0x08006748   0x00000010   Code   RO         4572    i.vTaskSuspendAll   tasks.o
    0x08006758   0x08006758   0x00000060   Code   RO         4573    i.vTaskSwitchContext  tasks.o
    0x080067b8   0x080067b8   0x00000020   Code   RO         4255    i.xEventGroupClearBits  event_groups.o
    0x080067d8   0x080067d8   0x0000001a   Code   RO         4256    i.xEventGroupCreate  event_groups.o
    0x080067f2   0x080067f2   0x00000092   Code   RO         4258    i.xEventGroupSetBits  event_groups.o
    0x08006884   0x08006884   0x000000cc   Code   RO         4260    i.xEventGroupWaitBits  event_groups.o
    0x08006950   0x08006950   0x00000034   Code   RO         5087    i.xPortStartScheduler  port.o
    0x08006984   0x08006984   0x00000022   Code   RO         4392    i.xQueueCreateMutex  queue.o
    0x080069a6   0x080069a6   0x0000004c   Code   RO         4393    i.xQueueGenericCreate  queue.o
    0x080069f2   0x080069f2   0x00000002   PAD
    0x080069f4   0x080069f4   0x000000a0   Code   RO         4394    i.xQueueGenericReset  queue.o
    0x08006a94   0x08006a94   0x00000118   Code   RO         4395    i.xQueueGenericSend  queue.o
    0x08006bac   0x08006bac   0x00000098   Code   RO         4396    i.xQueueGenericSendFromISR  queue.o
    0x08006c44   0x08006c44   0x00000104   Code   RO         4402    i.xQueueReceive     queue.o
    0x08006d48   0x08006d48   0x00000130   Code   RO         4404    i.xQueueSemaphoreTake  queue.o
    0x08006e78   0x08006e78   0x00000060   Code   RO         4575    i.xTaskCheckForTimeOut  tasks.o
    0x08006ed8   0x08006ed8   0x00000068   Code   RO         4576    i.xTaskCreate       tasks.o
    0x08006f40   0x08006f40   0x00000020   Code   RO         4583    i.xTaskGetSchedulerState  tasks.o
    0x08006f60   0x08006f60   0x0000000c   Code   RO         4584    i.xTaskGetTickCount  tasks.o
    0x08006f6c   0x08006f6c   0x00000190   Code   RO         4586    i.xTaskIncrementTick  tasks.o
    0x080070fc   0x080070fc   0x000000ac   Code   RO         4587    i.xTaskPriorityDisinherit  tasks.o
    0x080071a8   0x080071a8   0x000000ec   Code   RO         4588    i.xTaskPriorityInherit  tasks.o
    0x08007294   0x08007294   0x00000108   Code   RO         4589    i.xTaskRemoveFromEventList  tasks.o
    0x0800739c   0x0800739c   0x0000015c   Code   RO         4590    i.xTaskResumeAll    tasks.o
    0x080074f8   0x080074f8   0x00000036   Code   RO         4889    i.xTimerCreate      timers.o
    0x0800752e   0x0800752e   0x00000002   PAD
    0x08007530   0x08007530   0x0000003c   Code   RO         4890    i.xTimerCreateTimerTask  timers.o
    0x0800756c   0x0800756c   0x0000006c   Code   RO         4891    i.xTimerGenericCommand  timers.o
    0x080075d8   0x080075d8   0x00001c0e   Data   RO         4136    .conststring        freertos_demo.o
    0x080091e6   0x080091e6   0x00000002   PAD
    0x080091e8   0x080091e8   0x00000224   Data   RO         5160    .conststring        servo.o
    0x0800940c   0x0800940c   0x0000007f   Data   RO         5242    .conststring        body_hw.o
    0x0800948b   0x0800948b   0x00000001   PAD
    0x0800948c   0x0800948c   0x00000084   Data   RO         5331    .conststring        waterbom.o
    0x08009510   0x08009510   0x0000007f   Data   RO         5682    .conststring        lock.o
    0x0800958f   0x0800958f   0x00000001   PAD
    0x08009590   0x08009590   0x00000020   Data   RO         6403    Region$$Table       anon$$obj.o


    Execution Region RW_IRAM1 (Exec base: 0x20000000, Load base: 0x080095b0, Size: 0x00004e08, Max: 0x00005000, ABSOLUTE, COMPRESSED[0x000000d8])

    Exec Addr    Load Addr    Size         Type   Attr      Idx    E Section Name        Object

    0x20000000   COMPRESSED   0x00000014   Data   RW         1734    .data               stm32f10x_rcc.o
    0x20000014   COMPRESSED   0x00000001   Data   RW         3882    .data               delay.o
    0x20000015   COMPRESSED   0x00000003   PAD
    0x20000018   COMPRESSED   0x0000007d   Data   RW         4137    .data               freertos_demo.o
    0x20000095   COMPRESSED   0x00000003   PAD
    0x20000098   COMPRESSED   0x00000040   Data   RW         4593    .data               tasks.o
    0x200000d8   COMPRESSED   0x00000014   Data   RW         4898    .data               timers.o
    0x200000ec   COMPRESSED   0x0000001c   Data   RW         5028    .data               heap_4.o
    0x20000108   COMPRESSED   0x00000004   Data   RW         5088    .data               port.o
    0x2000010c   COMPRESSED   0x00000008   Data   RW         5161    .data               servo.o
    0x20000114   COMPRESSED   0x00000001   Data   RW         5243    .data               body_hw.o
    0x20000115   COMPRESSED   0x00000001   Data   RW         5332    .data               waterbom.o
    0x20000116   COMPRESSED   0x00000001   Data   RW         5391    .data               wind.o
    0x20000117   COMPRESSED   0x00000001   Data   RW         5444    .data               led.o
    0x20000118   COMPRESSED   0x00000009   Data   RW         5612    .data               safety.o
    0x20000121   COMPRESSED   0x00000001   Data   RW         5683    .data               lock.o
    0x20000122   COMPRESSED   0x00000004   Data   RW         5744    .data               uart.o
    0x20000126   COMPRESSED   0x00000002   PAD
    0x20000128   COMPRESSED   0x00000008   Data   RW         5832    .data               help.o
    0x20000130   COMPRESSED   0x00000180   Data   RW         5881    .data               oled.o
    0x200002b0   COMPRESSED   0x00000004   Data   RW         6350    .data               mc_w.l(stdout.o)
    0x200002b4        -       0x00000100   Zero   RW         4135    .bss                freertos_demo.o
    0x200003b4        -       0x0000012c   Zero   RW         4592    .bss                tasks.o
    0x200004e0        -       0x00000028   Zero   RW         4897    .bss                timers.o
    0x20000508        -       0x00004400   Zero   RW         5027    .bss                heap_4.o
    0x20004908        -       0x00000100   Zero   RW         5743    .bss                uart.o
    0x20004a08        -       0x00000400   Zero   RW         3807    STACK               startup_stm32f10x_md.o


==============================================================================

Image component sizes


      Code (inc. data)   RO Data    RW Data    ZI Data      Debug   Object Name

       160         10          0          0          0       1031   adc1.o
       188         50        127          1          0       2622   body_hw.o
       132         16          0          1          0       1124   delay.o
       438          6          0          0          0      20010   event_groups.o
     10792       1486       7182        125        256      32981   freertos_demo.o
       520         58          0         28      17408       4543   heap_4.o
       216         20          0          8          0       1324   help.o
        64         12          0          0          0        897   hw.o
       208         10          0          0          0       1049   hx711.o
       120         32          0          1          0       1855   led.o
        70          6          0          0          0        968   light.o
       124          0          0          0          0       2537   list.o
       176         52        127          1          0       2437   lock.o
        18          0          0          0          0      20355   main.o
       132         22          0          0          0     263703   misc.o
        84          4          0          0          0       1430   mq135.o
       678         22          0        384          0       5517   oled.o
       404         48          0          4          0       9036   port.o
      1778         16          0          0          0      16273   queue.o
       336         74          0          9          0       3598   safety.o
       628         84        548          8          0       4832   servo.o
        36          8        236          0       1024        796   startup_stm32f10x_md.o
       394         10          0          0          0      18145   stm32f10x_adc.o
       200         18          0          0          0       4112   stm32f10x_exti.o
       378          4          0          0          0      12874   stm32f10x_gpio.o
        20          0          0          0          0       2381   stm32f10x_it.o
       300         38          0         20          0      13461   stm32f10x_rcc.o
       456         52          0          0          0      26633   stm32f10x_tim.o
       442          6          0          0          0      11809   stm32f10x_usart.o
       328         28          0          0          0       1865   system_stm32f10x.o
      3490        404          0         64        300      35199   tasks.o
      1092        106          0         20         40      12526   timers.o
       440         60          0          4        256       4257   uart.o
       160         12          0          0          0       2718   uart2.o
        46          4          0          0          0        890   water.o
       176         56        132          1          0       2532   waterbom.o
       112         32          0          1          0       1868   wind.o

    ----------------------------------------------------------------------
     25360       2866       8388        688      19284     550188   Object Totals
         0          0         32          0          0          0   (incl. Generated)
        24          0          4          8          0          0   (incl. Padding)

    ----------------------------------------------------------------------

      Code (inc. data)   RO Data    RW Data    ZI Data      Debug   Library Member Name

        86          0          0          0          0          0   __dczerorl2.o
         0          0          0          0          0          0   entry.o
         0          0          0          0          0          0   entry10a.o
         0          0          0          0          0          0   entry11a.o
         8          4          0          0          0          0   entry2.o
         4          0          0          0          0          0   entry5.o
         0          0          0          0          0          0   entry7b.o
         0          0          0          0          0          0   entry8b.o
         8          4          0          0          0          0   entry9a.o
        30          0          0          0          0          0   handlers.o
        36          8          0          0          0         68   init.o
         0          0          0          0          0          0   iusefp.o
        30          0          0          0          0         68   llshl.o
        36          0          0          0          0         68   llsshr.o
        32          0          0          0          0         68   llushr.o
        40          0          0          0          0         76   memcpy.o
        36          0          0          0          0        108   memseta.o
      2308         96          0          0          0        604   printfa.o
         0          0          0          4          0          0   stdout.o
        36          0          0          0          0         80   strstr.o
        44          0          0          0          0         80   uidiv.o
        98          0          0          0          0         92   uldiv.o
        48          0          0          0          0         68   cdrcmple.o
        20          0          0          0          0         68   cfcmple.o
        20          0          0          0          0         68   cfrcmple.o
       334          0          0          0          0        148   dadd.o
       222          0          0          0          0        100   ddiv.o
       186          0          0          0          0        176   depilogue.o
        48          0          0          0          0         68   dfixul.o
       228          0          0          0          0         96   dmul.o
       176          0          0          0          0        140   fadd.o
       124          0          0          0          0         88   fdiv.o
       110          0          0          0          0        168   fepilogue.o
        50          0          0          0          0         68   ffixi.o
        40          0          0          0          0         68   ffixui.o
        18          0          0          0          0         68   fflti.o
        10          0          0          0          0         68   ffltui.o
       100          0          0          0          0         76   fmul.o

    ----------------------------------------------------------------------
      4572        112          0          4          0       2848   Library Totals
         6          0          0          0          0          0   (incl. Padding)

    ----------------------------------------------------------------------

      Code (inc. data)   RO Data    RW Data    ZI Data      Debug   Library Name

      2832        112          0          4          0       1312   mc_w.l
      1734          0          0          0          0       1536   mf_w.l

    ----------------------------------------------------------------------
      4572        112          0          4          0       2848   Library Totals

    ----------------------------------------------------------------------

==============================================================================


      Code (inc. data)   RO Data    RW Data    ZI Data      Debug   

     29932       2978       8388        692      19284     540268   Grand Totals
     29932       2978       8388        216      19284     540268   ELF Image Totals (compressed)
     29932       2978       8388        216          0          0   ROM Totals

==============================================================================

    Total RO  Size (Code + RO Data)                38320 (  37.42kB)
    Total RW  Size (RW Data + ZI Data)             19976 (  19.51kB)
    Total ROM Size (Code + RO Data + RW Data)      38536 (  37.63kB)

==============================================================================

